ERROR - 2026-05-25 14:11:43 --> Column count doesn't match value count at row 1
in SYSTEMPATH\Database\MySQLi\Connection.php on line 300.
 1 SYSTEMPATH\Database\MySQLi\Connection.php(300): mysqli->query('INSERT INTO `customers` ()
VALUES (\'Acme Pharma HQ, Nariman Point, Mumbai\',\'Mumbai\',\'CUST001\',1,\'Acme Warehouse, Bhiwandi\',\'logistics@acmepharma.com\',1,\'Acme Pharmaceuticals\',\'Monthly billing cycle, PO required\',\'ABCDE1234F\',\'Credit\',\'rajesh@acmepharma.com\',\'Rajesh Kumar\',\'9123456789\',\'400001\'), (\'Global Tech HQ, Hinjewadi, Pune\',\'Pune\',\'CUST002\',1,\'Regional Office, Delhi\',\'dispatch@globaltech.com\',1,\'Global Tech Supplies\',\'Payment strictly on delivery\',\'ZYXWV9876G\',\'To Pay\',\'sita@globaltech.com\',\'Sita Ram\',\'9876512345\',\'411001\'), ()', 0)
 2 SYSTEMPATH\Database\BaseConnection.php(910): CodeIgniter\Database\MySQLi\Connection->execute('INSERT INTO `customers` ()
VALUES (\'Acme Pharma HQ, Nariman Point, Mumbai\',\'Mumbai\',\'CUST001\',1,\'Acme Warehouse, Bhiwandi\',\'logistics@acmepharma.com\',1,\'Acme Pharmaceuticals\',\'Monthly billing cycle, PO required\',\'ABCDE1234F\',\'Credit\',\'rajesh@acmepharma.com\',\'Rajesh Kumar\',\'9123456789\',\'400001\'), (\'Global Tech HQ, Hinjewadi, Pune\',\'Pune\',\'CUST002\',1,\'Regional Office, Delhi\',\'dispatch@globaltech.com\',1,\'Global Tech Supplies\',\'Payment strictly on delivery\',\'ZYXWV9876G\',\'To Pay\',\'sita@globaltech.com\',\'Sita Ram\',\'9876512345\',\'411001\'), ()')
 3 SYSTEMPATH\Database\BaseConnection.php(827): CodeIgniter\Database\BaseConnection->simpleQuery('INSERT INTO `customers` ()
VALUES (\'Acme Pharma HQ, Nariman Point, Mumbai\',\'Mumbai\',\'CUST001\',1,\'Acme Warehouse, Bhiwandi\',\'logistics@acmepharma.com\',1,\'Acme Pharmaceuticals\',\'Monthly billing cycle, PO required\',\'ABCDE1234F\',\'Credit\',\'rajesh@acmepharma.com\',\'Rajesh Kumar\',\'9123456789\',\'400001\'), (\'Global Tech HQ, Hinjewadi, Pune\',\'Pune\',\'CUST002\',1,\'Regional Office, Delhi\',\'dispatch@globaltech.com\',1,\'Global Tech Supplies\',\'Payment strictly on delivery\',\'ZYXWV9876G\',\'To Pay\',\'sita@globaltech.com\',\'Sita Ram\',\'9876512345\',\'411001\'), ()')
 4 SYSTEMPATH\Database\BaseBuilder.php(1841): CodeIgniter\Database\BaseConnection->query('INSERT INTO `customers` ()
VALUES (\'Acme Pharma HQ, Nariman Point, Mumbai\',\'Mumbai\',\'CUST001\',1,\'Acme Warehouse, Bhiwandi\',\'logistics@acmepharma.com\',1,\'Acme Pharmaceuticals\',\'Monthly billing cycle, PO required\',\'ABCDE1234F\',\'Credit\',\'rajesh@acmepharma.com\',\'Rajesh Kumar\',\'9123456789\',\'400001\'), (\'Global Tech HQ, Hinjewadi, Pune\',\'Pune\',\'CUST002\',1,\'Regional Office, Delhi\',\'dispatch@globaltech.com\',1,\'Global Tech Supplies\',\'Payment strictly on delivery\',\'ZYXWV9876G\',\'To Pay\',\'sita@globaltech.com\',\'Sita Ram\',\'9876512345\',\'411001\'), ()', null, false)
 5 SYSTEMPATH\Database\BaseBuilder.php(2230): CodeIgniter\Database\BaseBuilder->batchExecute('_insertBatch', 100)
 6 APPPATH\Database\Seeds\DummyDataSeeder.php(115): CodeIgniter\Database\BaseBuilder->insertBatch([...])
 7 SYSTEMPATH\Database\Seeder.php(155): App\Database\Seeds\DummyDataSeeder->run()
 8 SYSTEMPATH\Commands\Database\Seed.php(79): CodeIgniter\Database\Seeder->call('App\\Database\\Seeds\\DummyDataSeeder')
 9 SYSTEMPATH\CLI\Commands.php(74): CodeIgniter\Commands\Database\Seed->run([])
10 SYSTEMPATH\CLI\Console.php(47): CodeIgniter\CLI\Commands->run('db:seed', [...])
11 SYSTEMPATH\Boot.php(442): CodeIgniter\CLI\Console->run()
12 SYSTEMPATH\Boot.php(166): CodeIgniter\Boot::runCommand(Object(CodeIgniter\CLI\Console))
13 ROOTPATH\spark(87): CodeIgniter\Boot::bootSpark(Object(Config\Paths))
CRITICAL - 2026-05-25 14:42:12 --> CodeIgniter\View\Exceptions\ViewException: Invalid file: "partials/navbar.php"
[Method: GET, Route: company/settings]
in SYSTEMPATH\Exceptions\FrameworkException.php on line 39.
 1 SYSTEMPATH\View\View.php(228): CodeIgniter\Exceptions\FrameworkException::forInvalidFile('partials/navbar.php')
 2 SYSTEMPATH\Common.php(1250): CodeIgniter\View\View->render('partials/navbar', [], true)
 3 APPPATH\Views\company\settings.php(10): view('partials/navbar')
 4 SYSTEMPATH\View\View.php(240): include('D:\\Company Work\\Company projects\\MAlogistic\\app\\Views\\company\\settings.php')
 5 SYSTEMPATH\View\View.php(243): CodeIgniter\View\View->CodeIgniter\View\{closure}()
 6 SYSTEMPATH\Common.php(1250): CodeIgniter\View\View->render('company/settings', [], true)
 7 APPPATH\Controllers\CompanyController.php(28): view('company/settings', [...])
 8 SYSTEMPATH\CodeIgniter.php(951): App\Controllers\CompanyController->settings()
 9 SYSTEMPATH\CodeIgniter.php(497): CodeIgniter\CodeIgniter->runController(Object(App\Controllers\CompanyController))
10 SYSTEMPATH\CodeIgniter.php(340): CodeIgniter\CodeIgniter->handleRequest(null, Object(Config\Cache), false)
11 SYSTEMPATH\Boot.php(417): CodeIgniter\CodeIgniter->run()
12 SYSTEMPATH\Boot.php(68): CodeIgniter\Boot::runCodeIgniter(Object(CodeIgniter\CodeIgniter))
13 FCPATH\index.php(59): CodeIgniter\Boot::bootWeb(Object(Config\Paths))
14 SYSTEMPATH\rewrite.php(44): require_once('D:\\Company Work\\Company projects\\MAlogistic\\public\\index.php')
