ERROR - 2026-05-14 10:24:39 --> EDIT DEBUG - Permissions: {"can_create":"1","can_edit":"1","can_delete":"1"}
ERROR - 2026-05-14 10:24:39 --> PERMISSION CHECK: can_edit = 1
ERROR - 2026-05-14 10:24:39 --> ALLOWED: can_edit OK
ERROR - 2026-05-14 10:24:55 --> CREATE DEBUG - Permissions: {"can_create":"1","can_edit":"1","can_delete":"1"}
ERROR - 2026-05-14 10:24:55 --> PERMISSION CHECK: can_create = 1
ERROR - 2026-05-14 10:24:55 --> ALLOWED: can_create OK
ERROR - 2026-05-14 10:25:33 --> EDIT DEBUG - Permissions: {"can_create":"0","can_edit":"0","can_delete":"0"}
ERROR - 2026-05-14 10:25:33 --> PERMISSION CHECK: can_edit = 0
ERROR - 2026-05-14 10:25:33 --> BLOCKED: No can_edit permission!
ERROR - 2026-05-14 10:26:24 --> PERMISSION CHECK: can_edit = 0
ERROR - 2026-05-14 10:26:24 --> BLOCKED: No can_edit permission!
ERROR - 2026-05-14 10:32:39 --> EDIT DEBUG - Permissions: {"can_create":"1","can_edit":"1","can_delete":"1"}
ERROR - 2026-05-14 10:32:39 --> PERMISSION CHECK: can_edit = 1
ERROR - 2026-05-14 10:32:39 --> ALLOWED: can_edit OK
ERROR - 2026-05-14 10:33:08 --> EDIT DEBUG - Permissions: {"can_create":"1","can_edit":"1","can_delete":"1"}
ERROR - 2026-05-14 10:33:08 --> PERMISSION CHECK: can_edit = 1
ERROR - 2026-05-14 10:33:08 --> ALLOWED: can_edit OK
ERROR - 2026-05-14 10:33:37 --> PERMISSION CHECK: can_edit = 1
ERROR - 2026-05-14 10:33:37 --> ALLOWED: can_edit OK
ERROR - 2026-05-14 10:34:22 --> EDIT DEBUG - Permissions: {"can_create":"0","can_edit":"0","can_delete":"0"}
ERROR - 2026-05-14 10:34:22 --> PERMISSION CHECK: can_edit = 0
ERROR - 2026-05-14 10:34:22 --> BLOCKED: No can_edit permission!
ERROR - 2026-05-14 10:34:47 --> PERMISSION CHECK: can_edit = 0
ERROR - 2026-05-14 10:34:47 --> BLOCKED: No can_edit permission!
