ERROR - 2026-05-24 13:21:24 --> Unknown column 'chargeable_weight' in 'field list'
in SYSTEMPATH\Database\MySQLi\Connection.php on line 300.
 1 SYSTEMPATH\Database\MySQLi\Connection.php(300): mysqli->query('SELECT SUM(`chargeable_weight`) AS `chargeable_weight`
FROM `shipment_items`
WHERE `booking_id` = \'2\'
 LIMIT 1', 0)
 2 SYSTEMPATH\Database\BaseConnection.php(910): CodeIgniter\Database\MySQLi\Connection->execute('SELECT SUM(`chargeable_weight`) AS `chargeable_weight`
FROM `shipment_items`
WHERE `booking_id` = \'2\'
 LIMIT 1')
 3 SYSTEMPATH\Database\BaseConnection.php(827): CodeIgniter\Database\BaseConnection->simpleQuery('SELECT SUM(`chargeable_weight`) AS `chargeable_weight`
FROM `shipment_items`
WHERE `booking_id` = \'2\'
 LIMIT 1')
 4 SYSTEMPATH\Database\BaseBuilder.php(1649): CodeIgniter\Database\BaseConnection->query('SELECT SUM(`chargeable_weight`) AS `chargeable_weight`
FROM `shipment_items`
WHERE `booking_id` = :booking_id:
 LIMIT 1', [...], false)
 5 SYSTEMPATH\Model.php(295): CodeIgniter\Database\BaseBuilder->get()
 6 SYSTEMPATH\BaseModel.php(714): CodeIgniter\Model->doFirst()
 7 APPPATH\Views\logistics\dashboard.php(219): CodeIgniter\BaseModel->first()
 8 SYSTEMPATH\View\View.php(240): include('D:\\Company Work\\Company projects\\MAlogistic\\app\\Views\\logistics\\dashboard.php')
 9 SYSTEMPATH\View\View.php(243): CodeIgniter\View\View->CodeIgniter\View\{closure}()
10 SYSTEMPATH\Common.php(1250): CodeIgniter\View\View->render('logistics/dashboard', [], true)
11 APPPATH\Controllers\Logistics.php(67): view('logistics/dashboard', [...])
12 SYSTEMPATH\CodeIgniter.php(951): App\Controllers\Logistics->index()
13 SYSTEMPATH\CodeIgniter.php(497): CodeIgniter\CodeIgniter->runController(Object(App\Controllers\Logistics))
14 SYSTEMPATH\CodeIgniter.php(340): CodeIgniter\CodeIgniter->handleRequest(null, Object(Config\Cache), false)
15 SYSTEMPATH\Boot.php(417): CodeIgniter\CodeIgniter->run()
16 SYSTEMPATH\Boot.php(68): CodeIgniter\Boot::runCodeIgniter(Object(CodeIgniter\CodeIgniter))
17 FCPATH\index.php(59): CodeIgniter\Boot::bootWeb(Object(Config\Paths))
18 SYSTEMPATH\rewrite.php(44): require_once('D:\\Company Work\\Company projects\\MAlogistic\\public\\index.php')
CRITICAL - 2026-05-24 13:21:24 --> CodeIgniter\Database\Exceptions\DatabaseException: Unknown column 'chargeable_weight' in 'field list'
[Method: GET, Route: logistics]
in SYSTEMPATH\Database\BaseConnection.php on line 865.
 1 SYSTEMPATH\Database\BaseBuilder.php(1649): CodeIgniter\Database\BaseConnection->query('SELECT SUM(`chargeable_weight`) AS `chargeable_weight`
FROM `shipment_items`
WHERE `booking_id` = :booking_id:
 LIMIT 1', [...], false)
 2 SYSTEMPATH\Model.php(295): CodeIgniter\Database\BaseBuilder->get()
 3 SYSTEMPATH\BaseModel.php(714): CodeIgniter\Model->doFirst()
 4 APPPATH\Views\logistics\dashboard.php(219): CodeIgniter\BaseModel->first()
 5 SYSTEMPATH\View\View.php(240): include('D:\\Company Work\\Company projects\\MAlogistic\\app\\Views\\logistics\\dashboard.php')
 6 SYSTEMPATH\View\View.php(243): CodeIgniter\View\View->CodeIgniter\View\{closure}()
 7 SYSTEMPATH\Common.php(1250): CodeIgniter\View\View->render('logistics/dashboard', [], true)
 8 APPPATH\Controllers\Logistics.php(67): view('logistics/dashboard', [...])
 9 SYSTEMPATH\CodeIgniter.php(951): App\Controllers\Logistics->index()
10 SYSTEMPATH\CodeIgniter.php(497): CodeIgniter\CodeIgniter->runController(Object(App\Controllers\Logistics))
11 SYSTEMPATH\CodeIgniter.php(340): CodeIgniter\CodeIgniter->handleRequest(null, Object(Config\Cache), false)
12 SYSTEMPATH\Boot.php(417): CodeIgniter\CodeIgniter->run()
13 SYSTEMPATH\Boot.php(68): CodeIgniter\Boot::runCodeIgniter(Object(CodeIgniter\CodeIgniter))
14 FCPATH\index.php(59): CodeIgniter\Boot::bootWeb(Object(Config\Paths))
15 SYSTEMPATH\rewrite.php(44): require_once('D:\\Company Work\\Company projects\\MAlogistic\\public\\index.php')
CRITICAL - 2026-05-24 13:21:24 --> [Caused by] CodeIgniter\Database\Exceptions\DatabaseException: Unknown column 'chargeable_weight' in 'field list'
in SYSTEMPATH\Database\MySQLi\Connection.php on line 310.
 1 SYSTEMPATH\Database\BaseConnection.php(910): CodeIgniter\Database\MySQLi\Connection->execute('SELECT SUM(`chargeable_weight`) AS `chargeable_weight`
FROM `shipment_items`
WHERE `booking_id` = \'2\'
 LIMIT 1')
 2 SYSTEMPATH\Database\BaseConnection.php(827): CodeIgniter\Database\BaseConnection->simpleQuery('SELECT SUM(`chargeable_weight`) AS `chargeable_weight`
FROM `shipment_items`
WHERE `booking_id` = \'2\'
 LIMIT 1')
 3 SYSTEMPATH\Database\BaseBuilder.php(1649): CodeIgniter\Database\BaseConnection->query('SELECT SUM(`chargeable_weight`) AS `chargeable_weight`
FROM `shipment_items`
WHERE `booking_id` = :booking_id:
 LIMIT 1', [...], false)
 4 SYSTEMPATH\Model.php(295): CodeIgniter\Database\BaseBuilder->get()
 5 SYSTEMPATH\BaseModel.php(714): CodeIgniter\Model->doFirst()
 6 APPPATH\Views\logistics\dashboard.php(219): CodeIgniter\BaseModel->first()
 7 SYSTEMPATH\View\View.php(240): include('D:\\Company Work\\Company projects\\MAlogistic\\app\\Views\\logistics\\dashboard.php')
 8 SYSTEMPATH\View\View.php(243): CodeIgniter\View\View->CodeIgniter\View\{closure}()
 9 SYSTEMPATH\Common.php(1250): CodeIgniter\View\View->render('logistics/dashboard', [], true)
10 APPPATH\Controllers\Logistics.php(67): view('logistics/dashboard', [...])
11 SYSTEMPATH\CodeIgniter.php(951): App\Controllers\Logistics->index()
12 SYSTEMPATH\CodeIgniter.php(497): CodeIgniter\CodeIgniter->runController(Object(App\Controllers\Logistics))
13 SYSTEMPATH\CodeIgniter.php(340): CodeIgniter\CodeIgniter->handleRequest(null, Object(Config\Cache), false)
14 SYSTEMPATH\Boot.php(417): CodeIgniter\CodeIgniter->run()
15 SYSTEMPATH\Boot.php(68): CodeIgniter\Boot::runCodeIgniter(Object(CodeIgniter\CodeIgniter))
16 FCPATH\index.php(59): CodeIgniter\Boot::bootWeb(Object(Config\Paths))
17 SYSTEMPATH\rewrite.php(44): require_once('D:\\Company Work\\Company projects\\MAlogistic\\public\\index.php')
CRITICAL - 2026-05-24 13:21:24 --> [Caused by] mysqli_sql_exception: Unknown column 'chargeable_weight' in 'field list'
in SYSTEMPATH\Database\MySQLi\Connection.php on line 300.
 1 SYSTEMPATH\Database\MySQLi\Connection.php(300): mysqli->query('SELECT SUM(`chargeable_weight`) AS `chargeable_weight`
FROM `shipment_items`
WHERE `booking_id` = \'2\'
 LIMIT 1', 0)
 2 SYSTEMPATH\Database\BaseConnection.php(910): CodeIgniter\Database\MySQLi\Connection->execute('SELECT SUM(`chargeable_weight`) AS `chargeable_weight`
FROM `shipment_items`
WHERE `booking_id` = \'2\'
 LIMIT 1')
 3 SYSTEMPATH\Database\BaseConnection.php(827): CodeIgniter\Database\BaseConnection->simpleQuery('SELECT SUM(`chargeable_weight`) AS `chargeable_weight`
FROM `shipment_items`
WHERE `booking_id` = \'2\'
 LIMIT 1')
 4 SYSTEMPATH\Database\BaseBuilder.php(1649): CodeIgniter\Database\BaseConnection->query('SELECT SUM(`chargeable_weight`) AS `chargeable_weight`
FROM `shipment_items`
WHERE `booking_id` = :booking_id:
 LIMIT 1', [...], false)
 5 SYSTEMPATH\Model.php(295): CodeIgniter\Database\BaseBuilder->get()
 6 SYSTEMPATH\BaseModel.php(714): CodeIgniter\Model->doFirst()
 7 APPPATH\Views\logistics\dashboard.php(219): CodeIgniter\BaseModel->first()
 8 SYSTEMPATH\View\View.php(240): include('D:\\Company Work\\Company projects\\MAlogistic\\app\\Views\\logistics\\dashboard.php')
 9 SYSTEMPATH\View\View.php(243): CodeIgniter\View\View->CodeIgniter\View\{closure}()
10 SYSTEMPATH\Common.php(1250): CodeIgniter\View\View->render('logistics/dashboard', [], true)
11 APPPATH\Controllers\Logistics.php(67): view('logistics/dashboard', [...])
12 SYSTEMPATH\CodeIgniter.php(951): App\Controllers\Logistics->index()
13 SYSTEMPATH\CodeIgniter.php(497): CodeIgniter\CodeIgniter->runController(Object(App\Controllers\Logistics))
14 SYSTEMPATH\CodeIgniter.php(340): CodeIgniter\CodeIgniter->handleRequest(null, Object(Config\Cache), false)
15 SYSTEMPATH\Boot.php(417): CodeIgniter\CodeIgniter->run()
16 SYSTEMPATH\Boot.php(68): CodeIgniter\Boot::runCodeIgniter(Object(CodeIgniter\CodeIgniter))
17 FCPATH\index.php(59): CodeIgniter\Boot::bootWeb(Object(Config\Paths))
18 SYSTEMPATH\rewrite.php(44): require_once('D:\\Company Work\\Company projects\\MAlogistic\\public\\index.php')
