CRITICAL - 2026-05-18 06:45:43 --> ErrorException: touch(): Unable to create file writable/session/ci_sessionc291169b37799232ab2e8dae16eebb6d because No such file or directory
[Method: GET, Route: logistics]
in SYSTEMPATH/Session/Handlers/FileHandler.php on line 188.
 1 [internal function]: CodeIgniter\Debug\Exceptions->errorHandler()
 2 SYSTEMPATH/Session/Handlers/FileHandler.php(188): touch()
 3 [internal function]: CodeIgniter\Session\Handlers\FileHandler->write()
 4 [internal function]: session_write_close()
CRITICAL - 2026-05-18 06:45:43 --> ErrorException: touch(): Unable to create file writable/session/ci_sessionc291169b37799232ab2e8dae16eebb6d because No such file or directory
[Method: GET, Route: logistics]
in SYSTEMPATH/Session/Handlers/FileHandler.php on line 188.
 1 [internal function]: CodeIgniter\Debug\Exceptions->errorHandler()
 2 SYSTEMPATH/Session/Handlers/FileHandler.php(188): touch()
 3 [internal function]: CodeIgniter\Session\Handlers\FileHandler->write()
 4 [internal function]: session_write_close()
CRITICAL - 2026-05-18 06:45:43 --> ErrorException: touch(): Unable to create file writable/session/ci_sessionc291169b37799232ab2e8dae16eebb6d because No such file or directory
[Method: GET, Route: logistics]
in SYSTEMPATH/Session/Handlers/FileHandler.php on line 188.
 1 [internal function]: CodeIgniter\Debug\Exceptions->errorHandler()
 2 SYSTEMPATH/Session/Handlers/FileHandler.php(188): touch()
 3 [internal function]: CodeIgniter\Session\Handlers\FileHandler->write()
 4 [internal function]: session_write_close()
CRITICAL - 2026-05-18 06:46:10 --> ErrorException: touch(): Unable to create file writable/session/ci_sessionc291169b37799232ab2e8dae16eebb6d because No such file or directory
[Method: GET, Route: logistics]
in SYSTEMPATH/Session/Handlers/FileHandler.php on line 188.
 1 [internal function]: CodeIgniter\Debug\Exceptions->errorHandler()
 2 SYSTEMPATH/Session/Handlers/FileHandler.php(188): touch()
 3 [internal function]: CodeIgniter\Session\Handlers\FileHandler->write()
 4 [internal function]: session_write_close()
CRITICAL - 2026-05-18 07:02:57 --> ErrorException: touch(): Unable to create file writable/session/ci_session785e9e8e6f25b9bbf31e34b2c936a6dc because No such file or directory
[Method: GET, Route: logistics]
in SYSTEMPATH/Session/Handlers/FileHandler.php on line 188.
 1 [internal function]: CodeIgniter\Debug\Exceptions->errorHandler()
 2 SYSTEMPATH/Session/Handlers/FileHandler.php(188): touch()
 3 [internal function]: CodeIgniter\Session\Handlers\FileHandler->write()
 4 [internal function]: session_write_close()
CRITICAL - 2026-05-18 07:03:08 --> ErrorException: touch(): Unable to create file writable/session/ci_session785e9e8e6f25b9bbf31e34b2c936a6dc because No such file or directory
[Method: GET, Route: logistics]
in SYSTEMPATH/Session/Handlers/FileHandler.php on line 188.
 1 [internal function]: CodeIgniter\Debug\Exceptions->errorHandler()
 2 SYSTEMPATH/Session/Handlers/FileHandler.php(188): touch()
 3 [internal function]: CodeIgniter\Session\Handlers\FileHandler->write()
 4 [internal function]: session_write_close()
CRITICAL - 2026-05-18 07:04:07 --> ErrorException: touch(): Unable to create file writable/session/ci_session785e9e8e6f25b9bbf31e34b2c936a6dc because No such file or directory
[Method: GET, Route: logistics]
in SYSTEMPATH/Session/Handlers/FileHandler.php on line 188.
 1 [internal function]: CodeIgniter\Debug\Exceptions->errorHandler()
 2 SYSTEMPATH/Session/Handlers/FileHandler.php(188): touch()
 3 [internal function]: CodeIgniter\Session\Handlers\FileHandler->write()
 4 [internal function]: session_write_close()
CRITICAL - 2026-05-18 07:09:15 --> ErrorException: touch(): Unable to create file writable/session/ci_session8da7dac0a164006f43deae93745e1a2a because No such file or directory
[Method: GET, Route: logistics]
in SYSTEMPATH/Session/Handlers/FileHandler.php on line 188.
 1 [internal function]: CodeIgniter\Debug\Exceptions->errorHandler()
 2 SYSTEMPATH/Session/Handlers/FileHandler.php(188): touch()
 3 [internal function]: CodeIgniter\Session\Handlers\FileHandler->write()
 4 [internal function]: session_write_close()
CRITICAL - 2026-05-18 07:09:50 --> ErrorException: touch(): Unable to create file writable/session/ci_session8da7dac0a164006f43deae93745e1a2a because No such file or directory
[Method: GET, Route: logistics]
in SYSTEMPATH/Session/Handlers/FileHandler.php on line 188.
 1 [internal function]: CodeIgniter\Debug\Exceptions->errorHandler()
 2 SYSTEMPATH/Session/Handlers/FileHandler.php(188): touch()
 3 [internal function]: CodeIgniter\Session\Handlers\FileHandler->write()
 4 [internal function]: session_write_close()
CRITICAL - 2026-05-18 07:09:52 --> ErrorException: touch(): Unable to create file writable/session/ci_session8da7dac0a164006f43deae93745e1a2a because No such file or directory
[Method: GET, Route: logistics]
in SYSTEMPATH/Session/Handlers/FileHandler.php on line 188.
 1 [internal function]: CodeIgniter\Debug\Exceptions->errorHandler()
 2 SYSTEMPATH/Session/Handlers/FileHandler.php(188): touch()
 3 [internal function]: CodeIgniter\Session\Handlers\FileHandler->write()
 4 [internal function]: session_write_close()
CRITICAL - 2026-05-18 07:10:07 --> ErrorException: touch(): Unable to create file writable/session/ci_session8da7dac0a164006f43deae93745e1a2a because No such file or directory
[Method: GET, Route: logistics]
in SYSTEMPATH/Session/Handlers/FileHandler.php on line 188.
 1 [internal function]: CodeIgniter\Debug\Exceptions->errorHandler()
 2 SYSTEMPATH/Session/Handlers/FileHandler.php(188): touch()
 3 [internal function]: CodeIgniter\Session\Handlers\FileHandler->write()
 4 [internal function]: session_write_close()
CRITICAL - 2026-05-18 07:10:08 --> ErrorException: touch(): Unable to create file writable/session/ci_session8da7dac0a164006f43deae93745e1a2a because No such file or directory
[Method: GET, Route: logistics]
in SYSTEMPATH/Session/Handlers/FileHandler.php on line 188.
 1 [internal function]: CodeIgniter\Debug\Exceptions->errorHandler()
 2 SYSTEMPATH/Session/Handlers/FileHandler.php(188): touch()
 3 [internal function]: CodeIgniter\Session\Handlers\FileHandler->write()
 4 [internal function]: session_write_close()
CRITICAL - 2026-05-18 07:10:24 --> ErrorException: touch(): Unable to create file writable/session/ci_session8da7dac0a164006f43deae93745e1a2a because No such file or directory
[Method: GET, Route: logistics]
in SYSTEMPATH/Session/Handlers/FileHandler.php on line 188.
 1 [internal function]: CodeIgniter\Debug\Exceptions->errorHandler()
 2 SYSTEMPATH/Session/Handlers/FileHandler.php(188): touch()
 3 [internal function]: CodeIgniter\Session\Handlers\FileHandler->write()
 4 [internal function]: session_write_close()
CRITICAL - 2026-05-18 07:10:24 --> ErrorException: touch(): Unable to create file writable/session/ci_session8da7dac0a164006f43deae93745e1a2a because No such file or directory
[Method: GET, Route: logistics]
in SYSTEMPATH/Session/Handlers/FileHandler.php on line 188.
 1 [internal function]: CodeIgniter\Debug\Exceptions->errorHandler()
 2 SYSTEMPATH/Session/Handlers/FileHandler.php(188): touch()
 3 [internal function]: CodeIgniter\Session\Handlers\FileHandler->write()
 4 [internal function]: session_write_close()
CRITICAL - 2026-05-18 07:10:25 --> ErrorException: touch(): Unable to create file writable/session/ci_session8da7dac0a164006f43deae93745e1a2a because No such file or directory
[Method: GET, Route: logistics]
in SYSTEMPATH/Session/Handlers/FileHandler.php on line 188.
 1 [internal function]: CodeIgniter\Debug\Exceptions->errorHandler()
 2 SYSTEMPATH/Session/Handlers/FileHandler.php(188): touch()
 3 [internal function]: CodeIgniter\Session\Handlers\FileHandler->write()
 4 [internal function]: session_write_close()
CRITICAL - 2026-05-18 07:10:26 --> ErrorException: touch(): Unable to create file writable/session/ci_session8da7dac0a164006f43deae93745e1a2a because No such file or directory
[Method: GET, Route: logistics]
in SYSTEMPATH/Session/Handlers/FileHandler.php on line 188.
 1 [internal function]: CodeIgniter\Debug\Exceptions->errorHandler()
 2 SYSTEMPATH/Session/Handlers/FileHandler.php(188): touch()
 3 [internal function]: CodeIgniter\Session\Handlers\FileHandler->write()
 4 [internal function]: session_write_close()
CRITICAL - 2026-05-18 07:10:26 --> ErrorException: touch(): Unable to create file writable/session/ci_session8da7dac0a164006f43deae93745e1a2a because No such file or directory
[Method: GET, Route: logistics]
in SYSTEMPATH/Session/Handlers/FileHandler.php on line 188.
 1 [internal function]: CodeIgniter\Debug\Exceptions->errorHandler()
 2 SYSTEMPATH/Session/Handlers/FileHandler.php(188): touch()
 3 [internal function]: CodeIgniter\Session\Handlers\FileHandler->write()
 4 [internal function]: session_write_close()
CRITICAL - 2026-05-18 07:10:26 --> ErrorException: touch(): Unable to create file writable/session/ci_session8da7dac0a164006f43deae93745e1a2a because No such file or directory
[Method: GET, Route: logistics]
in SYSTEMPATH/Session/Handlers/FileHandler.php on line 188.
 1 [internal function]: CodeIgniter\Debug\Exceptions->errorHandler()
 2 SYSTEMPATH/Session/Handlers/FileHandler.php(188): touch()
 3 [internal function]: CodeIgniter\Session\Handlers\FileHandler->write()
 4 [internal function]: session_write_close()
CRITICAL - 2026-05-18 07:10:54 --> ErrorException: touch(): Unable to create file writable/session/ci_session8da7dac0a164006f43deae93745e1a2a because No such file or directory
[Method: GET, Route: logistics]
in SYSTEMPATH/Session/Handlers/FileHandler.php on line 188.
 1 [internal function]: CodeIgniter\Debug\Exceptions->errorHandler()
 2 SYSTEMPATH/Session/Handlers/FileHandler.php(188): touch()
 3 [internal function]: CodeIgniter\Session\Handlers\FileHandler->write()
 4 [internal function]: session_write_close()
CRITICAL - 2026-05-18 07:10:55 --> ErrorException: touch(): Unable to create file writable/session/ci_session8da7dac0a164006f43deae93745e1a2a because No such file or directory
[Method: GET, Route: logistics]
in SYSTEMPATH/Session/Handlers/FileHandler.php on line 188.
 1 [internal function]: CodeIgniter\Debug\Exceptions->errorHandler()
 2 SYSTEMPATH/Session/Handlers/FileHandler.php(188): touch()
 3 [internal function]: CodeIgniter\Session\Handlers\FileHandler->write()
 4 [internal function]: session_write_close()
CRITICAL - 2026-05-18 07:10:56 --> ErrorException: touch(): Unable to create file writable/session/ci_session8da7dac0a164006f43deae93745e1a2a because No such file or directory
[Method: GET, Route: logistics]
in SYSTEMPATH/Session/Handlers/FileHandler.php on line 188.
 1 [internal function]: CodeIgniter\Debug\Exceptions->errorHandler()
 2 SYSTEMPATH/Session/Handlers/FileHandler.php(188): touch()
 3 [internal function]: CodeIgniter\Session\Handlers\FileHandler->write()
 4 [internal function]: session_write_close()
CRITICAL - 2026-05-18 07:10:56 --> ErrorException: touch(): Unable to create file writable/session/ci_session8da7dac0a164006f43deae93745e1a2a because No such file or directory
[Method: GET, Route: logistics]
in SYSTEMPATH/Session/Handlers/FileHandler.php on line 188.
 1 [internal function]: CodeIgniter\Debug\Exceptions->errorHandler()
 2 SYSTEMPATH/Session/Handlers/FileHandler.php(188): touch()
 3 [internal function]: CodeIgniter\Session\Handlers\FileHandler->write()
 4 [internal function]: session_write_close()
CRITICAL - 2026-05-18 07:10:56 --> ErrorException: touch(): Unable to create file writable/session/ci_session8da7dac0a164006f43deae93745e1a2a because No such file or directory
[Method: GET, Route: logistics]
in SYSTEMPATH/Session/Handlers/FileHandler.php on line 188.
 1 [internal function]: CodeIgniter\Debug\Exceptions->errorHandler()
 2 SYSTEMPATH/Session/Handlers/FileHandler.php(188): touch()
 3 [internal function]: CodeIgniter\Session\Handlers\FileHandler->write()
 4 [internal function]: session_write_close()
CRITICAL - 2026-05-18 07:12:47 --> ErrorException: touch(): Unable to create file writable/session/ci_session0ea77f4f5d2200b16913bf80d7e9dfdd because No such file or directory
[Method: GET, Route: logistics]
in SYSTEMPATH/Session/Handlers/FileHandler.php on line 188.
 1 [internal function]: CodeIgniter\Debug\Exceptions->errorHandler()
 2 SYSTEMPATH/Session/Handlers/FileHandler.php(188): touch()
 3 [internal function]: CodeIgniter\Session\Handlers\FileHandler->write()
 4 [internal function]: session_write_close()
CRITICAL - 2026-05-18 07:12:48 --> ErrorException: touch(): Unable to create file writable/session/ci_session0ea77f4f5d2200b16913bf80d7e9dfdd because No such file or directory
[Method: GET, Route: logistics]
in SYSTEMPATH/Session/Handlers/FileHandler.php on line 188.
 1 [internal function]: CodeIgniter\Debug\Exceptions->errorHandler()
 2 SYSTEMPATH/Session/Handlers/FileHandler.php(188): touch()
 3 [internal function]: CodeIgniter\Session\Handlers\FileHandler->write()
 4 [internal function]: session_write_close()
CRITICAL - 2026-05-18 07:15:15 --> ErrorException: touch(): Unable to create file writable/session/ci_session98baf09d2325e57672a0048db44be2ad because No such file or directory
[Method: GET, Route: logistics]
in SYSTEMPATH/Session/Handlers/FileHandler.php on line 188.
 1 [internal function]: CodeIgniter\Debug\Exceptions->errorHandler()
 2 SYSTEMPATH/Session/Handlers/FileHandler.php(188): touch()
 3 [internal function]: CodeIgniter\Session\Handlers\FileHandler->write()
 4 [internal function]: session_write_close()
CRITICAL - 2026-05-18 07:15:23 --> ErrorException: touch(): Unable to create file writable/session/ci_session98baf09d2325e57672a0048db44be2ad because No such file or directory
[Method: GET, Route: logistics]
in SYSTEMPATH/Session/Handlers/FileHandler.php on line 188.
 1 [internal function]: CodeIgniter\Debug\Exceptions->errorHandler()
 2 SYSTEMPATH/Session/Handlers/FileHandler.php(188): touch()
 3 [internal function]: CodeIgniter\Session\Handlers\FileHandler->write()
 4 [internal function]: session_write_close()
CRITICAL - 2026-05-18 07:15:25 --> ErrorException: touch(): Unable to create file writable/session/ci_session98baf09d2325e57672a0048db44be2ad because No such file or directory
[Method: GET, Route: logistics]
in SYSTEMPATH/Session/Handlers/FileHandler.php on line 188.
 1 [internal function]: CodeIgniter\Debug\Exceptions->errorHandler()
 2 SYSTEMPATH/Session/Handlers/FileHandler.php(188): touch()
 3 [internal function]: CodeIgniter\Session\Handlers\FileHandler->write()
 4 [internal function]: session_write_close()
CRITICAL - 2026-05-18 07:15:25 --> ErrorException: touch(): Unable to create file writable/session/ci_session98baf09d2325e57672a0048db44be2ad because No such file or directory
[Method: GET, Route: logistics]
in SYSTEMPATH/Session/Handlers/FileHandler.php on line 188.
 1 [internal function]: CodeIgniter\Debug\Exceptions->errorHandler()
 2 SYSTEMPATH/Session/Handlers/FileHandler.php(188): touch()
 3 [internal function]: CodeIgniter\Session\Handlers\FileHandler->write()
 4 [internal function]: session_write_close()
CRITICAL - 2026-05-18 07:15:26 --> ErrorException: touch(): Unable to create file writable/session/ci_session98baf09d2325e57672a0048db44be2ad because No such file or directory
[Method: GET, Route: logistics]
in SYSTEMPATH/Session/Handlers/FileHandler.php on line 188.
 1 [internal function]: CodeIgniter\Debug\Exceptions->errorHandler()
 2 SYSTEMPATH/Session/Handlers/FileHandler.php(188): touch()
 3 [internal function]: CodeIgniter\Session\Handlers\FileHandler->write()
 4 [internal function]: session_write_close()
CRITICAL - 2026-05-18 07:15:26 --> ErrorException: touch(): Unable to create file writable/session/ci_session98baf09d2325e57672a0048db44be2ad because No such file or directory
[Method: GET, Route: logistics]
in SYSTEMPATH/Session/Handlers/FileHandler.php on line 188.
 1 [internal function]: CodeIgniter\Debug\Exceptions->errorHandler()
 2 SYSTEMPATH/Session/Handlers/FileHandler.php(188): touch()
 3 [internal function]: CodeIgniter\Session\Handlers\FileHandler->write()
 4 [internal function]: session_write_close()
CRITICAL - 2026-05-18 07:16:17 --> ErrorException: touch(): Unable to create file writable/session/ci_sessionc814e1cb71e051fda7a936134b724cd9 because No such file or directory
[Method: GET, Route: logistics/manage]
in SYSTEMPATH/Session/Handlers/FileHandler.php on line 188.
 1 [internal function]: CodeIgniter\Debug\Exceptions->errorHandler()
 2 SYSTEMPATH/Session/Handlers/FileHandler.php(188): touch()
 3 [internal function]: CodeIgniter\Session\Handlers\FileHandler->write()
 4 [internal function]: session_write_close()
CRITICAL - 2026-05-18 07:16:17 --> ErrorException: touch(): Unable to create file writable/session/ci_sessionc814e1cb71e051fda7a936134b724cd9 because No such file or directory
[Method: GET, Route: logistics/manage]
in SYSTEMPATH/Session/Handlers/FileHandler.php on line 188.
 1 [internal function]: CodeIgniter\Debug\Exceptions->errorHandler()
 2 SYSTEMPATH/Session/Handlers/FileHandler.php(188): touch()
 3 [internal function]: CodeIgniter\Session\Handlers\FileHandler->write()
 4 [internal function]: session_write_close()
CRITICAL - 2026-05-18 07:19:11 --> ErrorException: touch(): Unable to create file writable/session/ci_sessionc814e1cb71e051fda7a936134b724cd9 because No such file or directory
[Method: GET, Route: logistics]
in SYSTEMPATH/Session/Handlers/FileHandler.php on line 188.
 1 [internal function]: CodeIgniter\Debug\Exceptions->errorHandler()
 2 SYSTEMPATH/Session/Handlers/FileHandler.php(188): touch()
 3 [internal function]: CodeIgniter\Session\Handlers\FileHandler->write()
 4 [internal function]: session_write_close()
CRITICAL - 2026-05-18 07:19:15 --> ErrorException: touch(): Unable to create file writable/session/ci_sessionc814e1cb71e051fda7a936134b724cd9 because No such file or directory
[Method: GET, Route: logistics]
in SYSTEMPATH/Session/Handlers/FileHandler.php on line 188.
 1 [internal function]: CodeIgniter\Debug\Exceptions->errorHandler()
 2 SYSTEMPATH/Session/Handlers/FileHandler.php(188): touch()
 3 [internal function]: CodeIgniter\Session\Handlers\FileHandler->write()
 4 [internal function]: session_write_close()
CRITICAL - 2026-05-18 07:27:49 --> ErrorException: touch(): Unable to create file writable/session/ci_session09a7ad49c8f180da337d748e2fd7b18b because No such file or directory
[Method: GET, Route: logistics/manage]
in SYSTEMPATH/Session/Handlers/FileHandler.php on line 188.
 1 [internal function]: CodeIgniter\Debug\Exceptions->errorHandler()
 2 SYSTEMPATH/Session/Handlers/FileHandler.php(188): touch()
 3 [internal function]: CodeIgniter\Session\Handlers\FileHandler->write()
 4 [internal function]: session_write_close()
CRITICAL - 2026-05-18 07:27:49 --> ErrorException: touch(): Unable to create file writable/session/ci_session09a7ad49c8f180da337d748e2fd7b18b because No such file or directory
[Method: GET, Route: logistics/manage]
in SYSTEMPATH/Session/Handlers/FileHandler.php on line 188.
 1 [internal function]: CodeIgniter\Debug\Exceptions->errorHandler()
 2 SYSTEMPATH/Session/Handlers/FileHandler.php(188): touch()
 3 [internal function]: CodeIgniter\Session\Handlers\FileHandler->write()
 4 [internal function]: session_write_close()
CRITICAL - 2026-05-18 07:27:50 --> ErrorException: touch(): Unable to create file writable/session/ci_session09a7ad49c8f180da337d748e2fd7b18b because No such file or directory
[Method: GET, Route: logistics/manage]
in SYSTEMPATH/Session/Handlers/FileHandler.php on line 188.
 1 [internal function]: CodeIgniter\Debug\Exceptions->errorHandler()
 2 SYSTEMPATH/Session/Handlers/FileHandler.php(188): touch()
 3 [internal function]: CodeIgniter\Session\Handlers\FileHandler->write()
 4 [internal function]: session_write_close()
CRITICAL - 2026-05-18 07:27:50 --> ErrorException: touch(): Unable to create file writable/session/ci_session09a7ad49c8f180da337d748e2fd7b18b because No such file or directory
[Method: GET, Route: logistics/manage]
in SYSTEMPATH/Session/Handlers/FileHandler.php on line 188.
 1 [internal function]: CodeIgniter\Debug\Exceptions->errorHandler()
 2 SYSTEMPATH/Session/Handlers/FileHandler.php(188): touch()
 3 [internal function]: CodeIgniter\Session\Handlers\FileHandler->write()
 4 [internal function]: session_write_close()
CRITICAL - 2026-05-18 07:27:59 --> ErrorException: touch(): Unable to create file writable/session/ci_session09a7ad49c8f180da337d748e2fd7b18b because No such file or directory
[Method: GET, Route: admin]
in SYSTEMPATH/Session/Handlers/FileHandler.php on line 188.
 1 [internal function]: CodeIgniter\Debug\Exceptions->errorHandler()
 2 SYSTEMPATH/Session/Handlers/FileHandler.php(188): touch()
 3 [internal function]: CodeIgniter\Session\Handlers\FileHandler->write()
 4 [internal function]: session_write_close()
CRITICAL - 2026-05-18 07:28:05 --> ErrorException: touch(): Unable to create file writable/session/ci_session09a7ad49c8f180da337d748e2fd7b18b because No such file or directory
[Method: GET, Route: admin]
in SYSTEMPATH/Session/Handlers/FileHandler.php on line 188.
 1 [internal function]: CodeIgniter\Debug\Exceptions->errorHandler()
 2 SYSTEMPATH/Session/Handlers/FileHandler.php(188): touch()
 3 [internal function]: CodeIgniter\Session\Handlers\FileHandler->write()
 4 [internal function]: session_write_close()
CRITICAL - 2026-05-18 07:28:11 --> ErrorException: touch(): Unable to create file writable/session/ci_session09a7ad49c8f180da337d748e2fd7b18b because No such file or directory
[Method: GET, Route: logistics/create]
in SYSTEMPATH/Session/Handlers/FileHandler.php on line 188.
 1 [internal function]: CodeIgniter\Debug\Exceptions->errorHandler()
 2 SYSTEMPATH/Session/Handlers/FileHandler.php(188): touch()
 3 [internal function]: CodeIgniter\Session\Handlers\FileHandler->write()
 4 [internal function]: session_write_close()
CRITICAL - 2026-05-18 07:28:19 --> ErrorException: touch(): Unable to create file writable/session/ci_session09a7ad49c8f180da337d748e2fd7b18b because No such file or directory
[Method: GET, Route: logistics/create]
in SYSTEMPATH/Session/Handlers/FileHandler.php on line 188.
 1 [internal function]: CodeIgniter\Debug\Exceptions->errorHandler()
 2 SYSTEMPATH/Session/Handlers/FileHandler.php(188): touch()
 3 [internal function]: CodeIgniter\Session\Handlers\FileHandler->write()
 4 [internal function]: session_write_close()
CRITICAL - 2026-05-18 07:29:00 --> ErrorException: touch(): Unable to create file writable/session/ci_session09a7ad49c8f180da337d748e2fd7b18b because No such file or directory
[Method: GET, Route: logistics]
in SYSTEMPATH/Session/Handlers/FileHandler.php on line 188.
 1 [internal function]: CodeIgniter\Debug\Exceptions->errorHandler()
 2 SYSTEMPATH/Session/Handlers/FileHandler.php(188): touch()
 3 [internal function]: CodeIgniter\Session\Handlers\FileHandler->write()
 4 [internal function]: session_write_close()
CRITICAL - 2026-05-18 07:42:24 --> ErrorException: touch(): Unable to create file writable/session/ci_session9e6049f979f239f454a98253748c6716 because No such file or directory
[Method: GET, Route: logistics]
in SYSTEMPATH/Session/Handlers/FileHandler.php on line 188.
 1 [internal function]: CodeIgniter\Debug\Exceptions->errorHandler()
 2 SYSTEMPATH/Session/Handlers/FileHandler.php(188): touch()
 3 [internal function]: CodeIgniter\Session\Handlers\FileHandler->write()
 4 [internal function]: session_write_close()
CRITICAL - 2026-05-18 07:42:46 --> ErrorException: touch(): Unable to create file writable/session/ci_session47c799159a5e7998fe1e548883384819 because No such file or directory
[Method: GET, Route: logistics]
in SYSTEMPATH/Session/Handlers/FileHandler.php on line 188.
 1 [internal function]: CodeIgniter\Debug\Exceptions->errorHandler()
 2 SYSTEMPATH/Session/Handlers/FileHandler.php(188): touch()
 3 [internal function]: CodeIgniter\Session\Handlers\FileHandler->write()
 4 [internal function]: session_write_close()
CRITICAL - 2026-05-18 08:47:11 --> ErrorException: touch(): Unable to create file writable/session/ci_session22169d1257390ff5c9e63baa8a2e3b45 because No such file or directory
[Method: GET, Route: logistics]
in SYSTEMPATH/Session/Handlers/FileHandler.php on line 188.
 1 [internal function]: CodeIgniter\Debug\Exceptions->errorHandler()
 2 SYSTEMPATH/Session/Handlers/FileHandler.php(188): touch()
 3 [internal function]: CodeIgniter\Session\Handlers\FileHandler->write()
 4 [internal function]: session_write_close()
CRITICAL - 2026-05-18 11:29:34 --> ErrorException: touch(): Unable to create file writable/session/ci_session8c5633081c919e4a1c6a11a32c9cfa75 because No such file or directory
[Method: GET, Route: logistics/create]
in SYSTEMPATH/Session/Handlers/FileHandler.php on line 188.
 1 [internal function]: CodeIgniter\Debug\Exceptions->errorHandler()
 2 SYSTEMPATH/Session/Handlers/FileHandler.php(188): touch()
 3 [internal function]: CodeIgniter\Session\Handlers\FileHandler->write()
 4 [internal function]: session_write_close()
CRITICAL - 2026-05-18 11:45:22 --> ErrorException: touch(): Unable to create file writable/session/ci_sessionc702db2ff5585400a6774465a638f418 because No such file or directory
[Method: GET, Route: logistics/create]
in SYSTEMPATH/Session/Handlers/FileHandler.php on line 188.
 1 [internal function]: CodeIgniter\Debug\Exceptions->errorHandler()
 2 SYSTEMPATH/Session/Handlers/FileHandler.php(188): touch()
 3 [internal function]: CodeIgniter\Session\Handlers\FileHandler->write()
 4 [internal function]: session_write_close()
CRITICAL - 2026-05-18 11:45:22 --> ErrorException: touch(): Unable to create file writable/session/ci_sessionc702db2ff5585400a6774465a638f418 because No such file or directory
[Method: GET, Route: logistics/create]
in SYSTEMPATH/Session/Handlers/FileHandler.php on line 188.
 1 [internal function]: CodeIgniter\Debug\Exceptions->errorHandler()
 2 SYSTEMPATH/Session/Handlers/FileHandler.php(188): touch()
 3 [internal function]: CodeIgniter\Session\Handlers\FileHandler->write()
 4 [internal function]: session_write_close()
CRITICAL - 2026-05-18 11:45:22 --> ErrorException: touch(): Unable to create file writable/session/ci_sessionc702db2ff5585400a6774465a638f418 because No such file or directory
[Method: GET, Route: logistics/create]
in SYSTEMPATH/Session/Handlers/FileHandler.php on line 188.
 1 [internal function]: CodeIgniter\Debug\Exceptions->errorHandler()
 2 SYSTEMPATH/Session/Handlers/FileHandler.php(188): touch()
 3 [internal function]: CodeIgniter\Session\Handlers\FileHandler->write()
 4 [internal function]: session_write_close()
CRITICAL - 2026-05-18 11:45:22 --> ErrorException: touch(): Unable to create file writable/session/ci_sessionc702db2ff5585400a6774465a638f418 because No such file or directory
[Method: GET, Route: logistics/create]
in SYSTEMPATH/Session/Handlers/FileHandler.php on line 188.
 1 [internal function]: CodeIgniter\Debug\Exceptions->errorHandler()
 2 SYSTEMPATH/Session/Handlers/FileHandler.php(188): touch()
 3 [internal function]: CodeIgniter\Session\Handlers\FileHandler->write()
 4 [internal function]: session_write_close()
CRITICAL - 2026-05-18 11:45:22 --> ErrorException: touch(): Unable to create file writable/session/ci_sessionc702db2ff5585400a6774465a638f418 because No such file or directory
[Method: GET, Route: logistics/create]
in SYSTEMPATH/Session/Handlers/FileHandler.php on line 188.
 1 [internal function]: CodeIgniter\Debug\Exceptions->errorHandler()
 2 SYSTEMPATH/Session/Handlers/FileHandler.php(188): touch()
 3 [internal function]: CodeIgniter\Session\Handlers\FileHandler->write()
 4 [internal function]: session_write_close()
CRITICAL - 2026-05-18 11:45:22 --> ErrorException: touch(): Unable to create file writable/session/ci_sessionc702db2ff5585400a6774465a638f418 because No such file or directory
[Method: GET, Route: logistics/create]
in SYSTEMPATH/Session/Handlers/FileHandler.php on line 188.
 1 [internal function]: CodeIgniter\Debug\Exceptions->errorHandler()
 2 SYSTEMPATH/Session/Handlers/FileHandler.php(188): touch()
 3 [internal function]: CodeIgniter\Session\Handlers\FileHandler->write()
 4 [internal function]: session_write_close()
CRITICAL - 2026-05-18 11:45:23 --> ErrorException: touch(): Unable to create file writable/session/ci_sessionc702db2ff5585400a6774465a638f418 because No such file or directory
[Method: GET, Route: logistics/create]
in SYSTEMPATH/Session/Handlers/FileHandler.php on line 188.
 1 [internal function]: CodeIgniter\Debug\Exceptions->errorHandler()
 2 SYSTEMPATH/Session/Handlers/FileHandler.php(188): touch()
 3 [internal function]: CodeIgniter\Session\Handlers\FileHandler->write()
 4 [internal function]: session_write_close()
CRITICAL - 2026-05-18 11:45:23 --> ErrorException: touch(): Unable to create file writable/session/ci_sessionc702db2ff5585400a6774465a638f418 because No such file or directory
[Method: GET, Route: logistics/create]
in SYSTEMPATH/Session/Handlers/FileHandler.php on line 188.
 1 [internal function]: CodeIgniter\Debug\Exceptions->errorHandler()
 2 SYSTEMPATH/Session/Handlers/FileHandler.php(188): touch()
 3 [internal function]: CodeIgniter\Session\Handlers\FileHandler->write()
 4 [internal function]: session_write_close()
CRITICAL - 2026-05-18 11:45:23 --> ErrorException: touch(): Unable to create file writable/session/ci_sessionc702db2ff5585400a6774465a638f418 because No such file or directory
[Method: GET, Route: logistics/create]
in SYSTEMPATH/Session/Handlers/FileHandler.php on line 188.
 1 [internal function]: CodeIgniter\Debug\Exceptions->errorHandler()
 2 SYSTEMPATH/Session/Handlers/FileHandler.php(188): touch()
 3 [internal function]: CodeIgniter\Session\Handlers\FileHandler->write()
 4 [internal function]: session_write_close()
CRITICAL - 2026-05-18 11:45:23 --> ErrorException: touch(): Unable to create file writable/session/ci_sessionc702db2ff5585400a6774465a638f418 because No such file or directory
[Method: GET, Route: logistics/create]
in SYSTEMPATH/Session/Handlers/FileHandler.php on line 188.
 1 [internal function]: CodeIgniter\Debug\Exceptions->errorHandler()
 2 SYSTEMPATH/Session/Handlers/FileHandler.php(188): touch()
 3 [internal function]: CodeIgniter\Session\Handlers\FileHandler->write()
 4 [internal function]: session_write_close()
CRITICAL - 2026-05-18 11:45:23 --> ErrorException: touch(): Unable to create file writable/session/ci_sessionc702db2ff5585400a6774465a638f418 because No such file or directory
[Method: GET, Route: logistics/create]
in SYSTEMPATH/Session/Handlers/FileHandler.php on line 188.
 1 [internal function]: CodeIgniter\Debug\Exceptions->errorHandler()
 2 SYSTEMPATH/Session/Handlers/FileHandler.php(188): touch()
 3 [internal function]: CodeIgniter\Session\Handlers\FileHandler->write()
 4 [internal function]: session_write_close()
CRITICAL - 2026-05-18 11:45:23 --> ErrorException: touch(): Unable to create file writable/session/ci_sessionc702db2ff5585400a6774465a638f418 because No such file or directory
[Method: GET, Route: logistics/create]
in SYSTEMPATH/Session/Handlers/FileHandler.php on line 188.
 1 [internal function]: CodeIgniter\Debug\Exceptions->errorHandler()
 2 SYSTEMPATH/Session/Handlers/FileHandler.php(188): touch()
 3 [internal function]: CodeIgniter\Session\Handlers\FileHandler->write()
 4 [internal function]: session_write_close()
CRITICAL - 2026-05-18 11:45:23 --> ErrorException: touch(): Unable to create file writable/session/ci_sessionc702db2ff5585400a6774465a638f418 because No such file or directory
[Method: GET, Route: logistics/create]
in SYSTEMPATH/Session/Handlers/FileHandler.php on line 188.
 1 [internal function]: CodeIgniter\Debug\Exceptions->errorHandler()
 2 SYSTEMPATH/Session/Handlers/FileHandler.php(188): touch()
 3 [internal function]: CodeIgniter\Session\Handlers\FileHandler->write()
 4 [internal function]: session_write_close()
CRITICAL - 2026-05-18 11:46:04 --> ErrorException: touch(): Unable to create file writable/session/ci_sessionc963a633836e094caf1c44f0f191ceb3 because No such file or directory
[Method: GET, Route: logistics]
in SYSTEMPATH/Session/Handlers/FileHandler.php on line 188.
 1 [internal function]: CodeIgniter\Debug\Exceptions->errorHandler()
 2 SYSTEMPATH/Session/Handlers/FileHandler.php(188): touch()
 3 [internal function]: CodeIgniter\Session\Handlers\FileHandler->write()
 4 [internal function]: session_write_close()
CRITICAL - 2026-05-18 11:49:53 --> ErrorException: touch(): Unable to create file writable/session/ci_session3c9fbd820614d5dcc5611b6a667b4167 because No such file or directory
[Method: GET, Route: logistics]
in SYSTEMPATH/Session/Handlers/FileHandler.php on line 188.
 1 [internal function]: CodeIgniter\Debug\Exceptions->errorHandler()
 2 SYSTEMPATH/Session/Handlers/FileHandler.php(188): touch()
 3 [internal function]: CodeIgniter\Session\Handlers\FileHandler->write()
 4 [internal function]: session_write_close()
CRITICAL - 2026-05-18 11:49:56 --> ErrorException: touch(): Unable to create file writable/session/ci_session3c9fbd820614d5dcc5611b6a667b4167 because No such file or directory
[Method: GET, Route: logistics]
in SYSTEMPATH/Session/Handlers/FileHandler.php on line 188.
 1 [internal function]: CodeIgniter\Debug\Exceptions->errorHandler()
 2 SYSTEMPATH/Session/Handlers/FileHandler.php(188): touch()
 3 [internal function]: CodeIgniter\Session\Handlers\FileHandler->write()
 4 [internal function]: session_write_close()
CRITICAL - 2026-05-18 23:12:37 --> ErrorException: touch(): Unable to create file writable/session/ci_session924febe2788a84c54388cc9fc4f8fb7f because No such file or directory
[Method: GET, Route: .env]
in SYSTEMPATH/Session/Handlers/FileHandler.php on line 188.
 1 [internal function]: CodeIgniter\Debug\Exceptions->errorHandler()
 2 SYSTEMPATH/Session/Handlers/FileHandler.php(188): touch()
 3 [internal function]: CodeIgniter\Session\Handlers\FileHandler->write()
 4 [internal function]: session_write_close()
CRITICAL - 2026-05-18 23:12:37 --> ErrorException: touch(): Unable to create file writable/session/ci_session924febe2788a84c54388cc9fc4f8fb7f because No such file or directory
[Method: GET, Route: .env.local]
in SYSTEMPATH/Session/Handlers/FileHandler.php on line 188.
 1 [internal function]: CodeIgniter\Debug\Exceptions->errorHandler()
 2 SYSTEMPATH/Session/Handlers/FileHandler.php(188): touch()
 3 [internal function]: CodeIgniter\Session\Handlers\FileHandler->write()
 4 [internal function]: session_write_close()
CRITICAL - 2026-05-18 23:12:37 --> ErrorException: touch(): Unable to create file writable/session/ci_session924febe2788a84c54388cc9fc4f8fb7f because No such file or directory
[Method: GET, Route: .env.production]
in SYSTEMPATH/Session/Handlers/FileHandler.php on line 188.
 1 [internal function]: CodeIgniter\Debug\Exceptions->errorHandler()
 2 SYSTEMPATH/Session/Handlers/FileHandler.php(188): touch()
 3 [internal function]: CodeIgniter\Session\Handlers\FileHandler->write()
 4 [internal function]: session_write_close()
CRITICAL - 2026-05-18 23:12:38 --> ErrorException: touch(): Unable to create file writable/session/ci_session924febe2788a84c54388cc9fc4f8fb7f because No such file or directory
[Method: GET, Route: .env.staging]
in SYSTEMPATH/Session/Handlers/FileHandler.php on line 188.
 1 [internal function]: CodeIgniter\Debug\Exceptions->errorHandler()
 2 SYSTEMPATH/Session/Handlers/FileHandler.php(188): touch()
 3 [internal function]: CodeIgniter\Session\Handlers\FileHandler->write()
 4 [internal function]: session_write_close()
CRITICAL - 2026-05-18 23:12:38 --> ErrorException: touch(): Unable to create file writable/session/ci_session924febe2788a84c54388cc9fc4f8fb7f because No such file or directory
[Method: GET, Route: .env.development]
in SYSTEMPATH/Session/Handlers/FileHandler.php on line 188.
 1 [internal function]: CodeIgniter\Debug\Exceptions->errorHandler()
 2 SYSTEMPATH/Session/Handlers/FileHandler.php(188): touch()
 3 [internal function]: CodeIgniter\Session\Handlers\FileHandler->write()
 4 [internal function]: session_write_close()
CRITICAL - 2026-05-18 23:12:41 --> ErrorException: touch(): Unable to create file writable/session/ci_session924febe2788a84c54388cc9fc4f8fb7f because No such file or directory
[Method: GET, Route: .env~]
in SYSTEMPATH/Session/Handlers/FileHandler.php on line 188.
 1 [internal function]: CodeIgniter\Debug\Exceptions->errorHandler()
 2 SYSTEMPATH/Session/Handlers/FileHandler.php(188): touch()
 3 [internal function]: CodeIgniter\Session\Handlers\FileHandler->write()
 4 [internal function]: session_write_close()
CRITICAL - 2026-05-18 23:12:41 --> ErrorException: touch(): Unable to create file writable/session/ci_session924febe2788a84c54388cc9fc4f8fb7f because No such file or directory
[Method: GET, Route: .env1]
in SYSTEMPATH/Session/Handlers/FileHandler.php on line 188.
 1 [internal function]: CodeIgniter\Debug\Exceptions->errorHandler()
 2 SYSTEMPATH/Session/Handlers/FileHandler.php(188): touch()
 3 [internal function]: CodeIgniter\Session\Handlers\FileHandler->write()
 4 [internal function]: session_write_close()
CRITICAL - 2026-05-18 23:12:41 --> ErrorException: touch(): Unable to create file writable/session/ci_session924febe2788a84c54388cc9fc4f8fb7f because No such file or directory
[Method: GET, Route: .env2]
in SYSTEMPATH/Session/Handlers/FileHandler.php on line 188.
 1 [internal function]: CodeIgniter\Debug\Exceptions->errorHandler()
 2 SYSTEMPATH/Session/Handlers/FileHandler.php(188): touch()
 3 [internal function]: CodeIgniter\Session\Handlers\FileHandler->write()
 4 [internal function]: session_write_close()
CRITICAL - 2026-05-18 23:13:11 --> ErrorException: touch(): Unable to create file writable/session/ci_session924febe2788a84c54388cc9fc4f8fb7f because No such file or directory
[Method: GET, Route: phpinfo.php]
in SYSTEMPATH/Session/Handlers/FileHandler.php on line 188.
 1 [internal function]: CodeIgniter\Debug\Exceptions->errorHandler()
 2 SYSTEMPATH/Session/Handlers/FileHandler.php(188): touch()
 3 [internal function]: CodeIgniter\Session\Handlers\FileHandler->write()
 4 [internal function]: session_write_close()
CRITICAL - 2026-05-18 23:13:12 --> ErrorException: touch(): Unable to create file writable/session/ci_session924febe2788a84c54388cc9fc4f8fb7f because No such file or directory
[Method: GET, Route: info.php]
in SYSTEMPATH/Session/Handlers/FileHandler.php on line 188.
 1 [internal function]: CodeIgniter\Debug\Exceptions->errorHandler()
 2 SYSTEMPATH/Session/Handlers/FileHandler.php(188): touch()
 3 [internal function]: CodeIgniter\Session\Handlers\FileHandler->write()
 4 [internal function]: session_write_close()
CRITICAL - 2026-05-18 23:13:12 --> ErrorException: touch(): Unable to create file writable/session/ci_session924febe2788a84c54388cc9fc4f8fb7f because No such file or directory
[Method: GET, Route: php.php]
in SYSTEMPATH/Session/Handlers/FileHandler.php on line 188.
 1 [internal function]: CodeIgniter\Debug\Exceptions->errorHandler()
 2 SYSTEMPATH/Session/Handlers/FileHandler.php(188): touch()
 3 [internal function]: CodeIgniter\Session\Handlers\FileHandler->write()
 4 [internal function]: session_write_close()
CRITICAL - 2026-05-18 23:13:12 --> ErrorException: touch(): Unable to create file writable/session/ci_session924febe2788a84c54388cc9fc4f8fb7f because No such file or directory
[Method: GET, Route: i.php]
in SYSTEMPATH/Session/Handlers/FileHandler.php on line 188.
 1 [internal function]: CodeIgniter\Debug\Exceptions->errorHandler()
 2 SYSTEMPATH/Session/Handlers/FileHandler.php(188): touch()
 3 [internal function]: CodeIgniter\Session\Handlers\FileHandler->write()
 4 [internal function]: session_write_close()
CRITICAL - 2026-05-18 23:13:12 --> ErrorException: touch(): Unable to create file writable/session/ci_session924febe2788a84c54388cc9fc4f8fb7f because No such file or directory
[Method: GET, Route: pi.php]
in SYSTEMPATH/Session/Handlers/FileHandler.php on line 188.
 1 [internal function]: CodeIgniter\Debug\Exceptions->errorHandler()
 2 SYSTEMPATH/Session/Handlers/FileHandler.php(188): touch()
 3 [internal function]: CodeIgniter\Session\Handlers\FileHandler->write()
 4 [internal function]: session_write_close()
CRITICAL - 2026-05-18 23:13:12 --> ErrorException: touch(): Unable to create file writable/session/ci_session924febe2788a84c54388cc9fc4f8fb7f because No such file or directory
[Method: GET, Route: pinfo.php]
in SYSTEMPATH/Session/Handlers/FileHandler.php on line 188.
 1 [internal function]: CodeIgniter\Debug\Exceptions->errorHandler()
 2 SYSTEMPATH/Session/Handlers/FileHandler.php(188): touch()
 3 [internal function]: CodeIgniter\Session\Handlers\FileHandler->write()
 4 [internal function]: session_write_close()
CRITICAL - 2026-05-18 23:13:12 --> ErrorException: touch(): Unable to create file writable/session/ci_session924febe2788a84c54388cc9fc4f8fb7f because No such file or directory
[Method: GET, Route: test.php]
in SYSTEMPATH/Session/Handlers/FileHandler.php on line 188.
 1 [internal function]: CodeIgniter\Debug\Exceptions->errorHandler()
 2 SYSTEMPATH/Session/Handlers/FileHandler.php(188): touch()
 3 [internal function]: CodeIgniter\Session\Handlers\FileHandler->write()
 4 [internal function]: session_write_close()
