ERROR - 2026-05-21 07:24:18 --> Error connecting to the database: mysqli_sql_exception: Unknown database 'malogistics_db' in D:\Company Work\Company projects\MAlogistic\system\Database\MySQLi\Connection.php:201
Stack trace:
#0 D:\Company Work\Company projects\MAlogistic\system\Database\MySQLi\Connection.php(201): mysqli->real_connect('localhost', 'root', Object(SensitiveParameterValue), 'malogistics_db', 3306, '', 0)
#1 D:\Company Work\Company projects\MAlogistic\system\Database\BaseConnection.php(555): CodeIgniter\Database\MySQLi\Connection->connect(false)
#2 D:\Company Work\Company projects\MAlogistic\system\Database\BaseConnection.php(795): CodeIgniter\Database\BaseConnection->initialize()
#3 D:\Company Work\Company projects\MAlogistic\system\Database\BaseBuilder.php(1649): CodeIgniter\Database\BaseConnection->query('SELECT *\nFROM `...', Array, false)
#4 D:\Company Work\Company projects\MAlogistic\system\Model.php(253): CodeIgniter\Database\BaseBuilder->get()
#5 D:\Company Work\Company projects\MAlogistic\system\BaseModel.php(676): CodeIgniter\Model->doFindAll(0, 0)
#6 D:\Company Work\Company projects\MAlogistic\app\Controllers\Logistics.php(424): CodeIgniter\BaseModel->findAll()
#7 D:\Company Work\Company projects\MAlogistic\system\CodeIgniter.php(951): App\Controllers\Logistics->companySelection()
#8 D:\Company Work\Company projects\MAlogistic\system\CodeIgniter.php(497): CodeIgniter\CodeIgniter->runController(Object(App\Controllers\Logistics))
#9 D:\Company Work\Company projects\MAlogistic\system\CodeIgniter.php(340): CodeIgniter\CodeIgniter->handleRequest(NULL, Object(Config\Cache), false)
#10 D:\Company Work\Company projects\MAlogistic\system\Boot.php(417): CodeIgniter\CodeIgniter->run()
#11 D:\Company Work\Company projects\MAlogistic\system\Boot.php(68): CodeIgniter\Boot::runCodeIgniter(Object(CodeIgniter\CodeIgniter))
#12 D:\Company Work\Company projects\MAlogistic\public\index.php(59): CodeIgniter\Boot::bootWeb(Object(Config\Paths))
#13 D:\Company Work\Company projects\MAlogistic\system\rewrite.php(44): require_once('D:\\Company Work...')
#14 {main}

Next CodeIgniter\Database\Exceptions\DatabaseException: Unknown database 'malogistics_db' in D:\Company Work\Company projects\MAlogistic\system\Database\MySQLi\Connection.php:231
Stack trace:
#0 D:\Company Work\Company projects\MAlogistic\system\Database\BaseConnection.php(555): CodeIgniter\Database\MySQLi\Connection->connect(false)
#1 D:\Company Work\Company projects\MAlogistic\system\Database\BaseConnection.php(795): CodeIgniter\Database\BaseConnection->initialize()
#2 D:\Company Work\Company projects\MAlogistic\system\Database\BaseBuilder.php(1649): CodeIgniter\Database\BaseConnection->query('SELECT *\nFROM `...', Array, false)
#3 D:\Company Work\Company projects\MAlogistic\system\Model.php(253): CodeIgniter\Database\BaseBuilder->get()
#4 D:\Company Work\Company projects\MAlogistic\system\BaseModel.php(676): CodeIgniter\Model->doFindAll(0, 0)
#5 D:\Company Work\Company projects\MAlogistic\app\Controllers\Logistics.php(424): CodeIgniter\BaseModel->findAll()
#6 D:\Company Work\Company projects\MAlogistic\system\CodeIgniter.php(951): App\Controllers\Logistics->companySelection()
#7 D:\Company Work\Company projects\MAlogistic\system\CodeIgniter.php(497): CodeIgniter\CodeIgniter->runController(Object(App\Controllers\Logistics))
#8 D:\Company Work\Company projects\MAlogistic\system\CodeIgniter.php(340): CodeIgniter\CodeIgniter->handleRequest(NULL, Object(Config\Cache), false)
#9 D:\Company Work\Company projects\MAlogistic\system\Boot.php(417): CodeIgniter\CodeIgniter->run()
#10 D:\Company Work\Company projects\MAlogistic\system\Boot.php(68): CodeIgniter\Boot::runCodeIgniter(Object(CodeIgniter\CodeIgniter))
#11 D:\Company Work\Company projects\MAlogistic\public\index.php(59): CodeIgniter\Boot::bootWeb(Object(Config\Paths))
#12 D:\Company Work\Company projects\MAlogistic\system\rewrite.php(44): require_once('D:\\Company Work...')
#13 {main}
CRITICAL - 2026-05-21 07:24:18 --> CodeIgniter\Database\Exceptions\DatabaseException: Unable to connect to the database.
Main connection [MySQLi]: Unknown database 'malogistics_db'
[Method: GET, Route: company-selection]
in SYSTEMPATH\Database\BaseConnection.php on line 606.
 1 SYSTEMPATH\Database\BaseConnection.php(795): CodeIgniter\Database\BaseConnection->initialize()
 2 SYSTEMPATH\Database\BaseBuilder.php(1649): CodeIgniter\Database\BaseConnection->query('SELECT *
FROM `companies`', [], false)
 3 SYSTEMPATH\Model.php(253): CodeIgniter\Database\BaseBuilder->get()
 4 SYSTEMPATH\BaseModel.php(676): CodeIgniter\Model->doFindAll(0, 0)
 5 APPPATH\Controllers\Logistics.php(424): CodeIgniter\BaseModel->findAll()
 6 SYSTEMPATH\CodeIgniter.php(951): App\Controllers\Logistics->companySelection()
 7 SYSTEMPATH\CodeIgniter.php(497): CodeIgniter\CodeIgniter->runController(Object(App\Controllers\Logistics))
 8 SYSTEMPATH\CodeIgniter.php(340): CodeIgniter\CodeIgniter->handleRequest(null, Object(Config\Cache), false)
 9 SYSTEMPATH\Boot.php(417): CodeIgniter\CodeIgniter->run()
10 SYSTEMPATH\Boot.php(68): CodeIgniter\Boot::runCodeIgniter(Object(CodeIgniter\CodeIgniter))
11 FCPATH\index.php(59): CodeIgniter\Boot::bootWeb(Object(Config\Paths))
12 SYSTEMPATH\rewrite.php(44): require_once('D:\\Company Work\\Company projects\\MAlogistic\\public\\index.php')
ERROR - 2026-05-21 08:02:46 --> Unknown column 'total_amount' in 'field list'
in SYSTEMPATH\Database\MySQLi\Connection.php on line 300.
 1 SYSTEMPATH\Database\MySQLi\Connection.php(300): mysqli->query('SELECT SUM(`total_amount`) AS `total_amount`
FROM `sales_charges` `sc`
JOIN `bookings` `b` ON `b`.`id` = `sc`.`booking_id`
WHERE `b`.`company_id` = \'1\'', 0)
 2 SYSTEMPATH\Database\BaseConnection.php(910): CodeIgniter\Database\MySQLi\Connection->execute('SELECT SUM(`total_amount`) AS `total_amount`
FROM `sales_charges` `sc`
JOIN `bookings` `b` ON `b`.`id` = `sc`.`booking_id`
WHERE `b`.`company_id` = \'1\'')
 3 SYSTEMPATH\Database\BaseConnection.php(827): CodeIgniter\Database\BaseConnection->simpleQuery('SELECT SUM(`total_amount`) AS `total_amount`
FROM `sales_charges` `sc`
JOIN `bookings` `b` ON `b`.`id` = `sc`.`booking_id`
WHERE `b`.`company_id` = \'1\'')
 4 SYSTEMPATH\Database\BaseBuilder.php(1649): CodeIgniter\Database\BaseConnection->query('SELECT SUM(`total_amount`) AS `total_amount`
FROM `sales_charges` `sc`
JOIN `bookings` `b` ON `b`.`id` = `sc`.`booking_id`
WHERE `b`.`company_id` = :b.company_id:', [...], false)
 5 APPPATH\Models\BookingModel.php(58): CodeIgniter\Database\BaseBuilder->get()
 6 APPPATH\Controllers\Logistics.php(58): App\Models\BookingModel->getCompanyStats('1')
 7 SYSTEMPATH\CodeIgniter.php(951): App\Controllers\Logistics->index()
 8 SYSTEMPATH\CodeIgniter.php(497): CodeIgniter\CodeIgniter->runController(Object(App\Controllers\Logistics))
 9 SYSTEMPATH\CodeIgniter.php(340): CodeIgniter\CodeIgniter->handleRequest(null, Object(Config\Cache), false)
10 SYSTEMPATH\Boot.php(417): CodeIgniter\CodeIgniter->run()
11 SYSTEMPATH\Boot.php(68): CodeIgniter\Boot::runCodeIgniter(Object(CodeIgniter\CodeIgniter))
12 FCPATH\index.php(59): CodeIgniter\Boot::bootWeb(Object(Config\Paths))
13 SYSTEMPATH\rewrite.php(44): require_once('D:\\Company Work\\Company projects\\MAlogistic\\public\\index.php')
CRITICAL - 2026-05-21 08:02:46 --> CodeIgniter\Database\Exceptions\DatabaseException: Unknown column 'total_amount' in 'field list'
[Method: GET, Route: logistics]
in SYSTEMPATH\Database\BaseConnection.php on line 865.
 1 SYSTEMPATH\Database\BaseBuilder.php(1649): CodeIgniter\Database\BaseConnection->query('SELECT SUM(`total_amount`) AS `total_amount`
FROM `sales_charges` `sc`
JOIN `bookings` `b` ON `b`.`id` = `sc`.`booking_id`
WHERE `b`.`company_id` = :b.company_id:', [...], false)
 2 APPPATH\Models\BookingModel.php(58): CodeIgniter\Database\BaseBuilder->get()
 3 APPPATH\Controllers\Logistics.php(58): App\Models\BookingModel->getCompanyStats('1')
 4 SYSTEMPATH\CodeIgniter.php(951): App\Controllers\Logistics->index()
 5 SYSTEMPATH\CodeIgniter.php(497): CodeIgniter\CodeIgniter->runController(Object(App\Controllers\Logistics))
 6 SYSTEMPATH\CodeIgniter.php(340): CodeIgniter\CodeIgniter->handleRequest(null, Object(Config\Cache), false)
 7 SYSTEMPATH\Boot.php(417): CodeIgniter\CodeIgniter->run()
 8 SYSTEMPATH\Boot.php(68): CodeIgniter\Boot::runCodeIgniter(Object(CodeIgniter\CodeIgniter))
 9 FCPATH\index.php(59): CodeIgniter\Boot::bootWeb(Object(Config\Paths))
10 SYSTEMPATH\rewrite.php(44): require_once('D:\\Company Work\\Company projects\\MAlogistic\\public\\index.php')
CRITICAL - 2026-05-21 08:02:46 --> [Caused by] CodeIgniter\Database\Exceptions\DatabaseException: Unknown column 'total_amount' in 'field list'
in SYSTEMPATH\Database\MySQLi\Connection.php on line 310.
 1 SYSTEMPATH\Database\BaseConnection.php(910): CodeIgniter\Database\MySQLi\Connection->execute('SELECT SUM(`total_amount`) AS `total_amount`
FROM `sales_charges` `sc`
JOIN `bookings` `b` ON `b`.`id` = `sc`.`booking_id`
WHERE `b`.`company_id` = \'1\'')
 2 SYSTEMPATH\Database\BaseConnection.php(827): CodeIgniter\Database\BaseConnection->simpleQuery('SELECT SUM(`total_amount`) AS `total_amount`
FROM `sales_charges` `sc`
JOIN `bookings` `b` ON `b`.`id` = `sc`.`booking_id`
WHERE `b`.`company_id` = \'1\'')
 3 SYSTEMPATH\Database\BaseBuilder.php(1649): CodeIgniter\Database\BaseConnection->query('SELECT SUM(`total_amount`) AS `total_amount`
FROM `sales_charges` `sc`
JOIN `bookings` `b` ON `b`.`id` = `sc`.`booking_id`
WHERE `b`.`company_id` = :b.company_id:', [...], false)
 4 APPPATH\Models\BookingModel.php(58): CodeIgniter\Database\BaseBuilder->get()
 5 APPPATH\Controllers\Logistics.php(58): App\Models\BookingModel->getCompanyStats('1')
 6 SYSTEMPATH\CodeIgniter.php(951): App\Controllers\Logistics->index()
 7 SYSTEMPATH\CodeIgniter.php(497): CodeIgniter\CodeIgniter->runController(Object(App\Controllers\Logistics))
 8 SYSTEMPATH\CodeIgniter.php(340): CodeIgniter\CodeIgniter->handleRequest(null, Object(Config\Cache), false)
 9 SYSTEMPATH\Boot.php(417): CodeIgniter\CodeIgniter->run()
10 SYSTEMPATH\Boot.php(68): CodeIgniter\Boot::runCodeIgniter(Object(CodeIgniter\CodeIgniter))
11 FCPATH\index.php(59): CodeIgniter\Boot::bootWeb(Object(Config\Paths))
12 SYSTEMPATH\rewrite.php(44): require_once('D:\\Company Work\\Company projects\\MAlogistic\\public\\index.php')
CRITICAL - 2026-05-21 08:02:46 --> [Caused by] mysqli_sql_exception: Unknown column 'total_amount' in 'field list'
in SYSTEMPATH\Database\MySQLi\Connection.php on line 300.
 1 SYSTEMPATH\Database\MySQLi\Connection.php(300): mysqli->query('SELECT SUM(`total_amount`) AS `total_amount`
FROM `sales_charges` `sc`
JOIN `bookings` `b` ON `b`.`id` = `sc`.`booking_id`
WHERE `b`.`company_id` = \'1\'', 0)
 2 SYSTEMPATH\Database\BaseConnection.php(910): CodeIgniter\Database\MySQLi\Connection->execute('SELECT SUM(`total_amount`) AS `total_amount`
FROM `sales_charges` `sc`
JOIN `bookings` `b` ON `b`.`id` = `sc`.`booking_id`
WHERE `b`.`company_id` = \'1\'')
 3 SYSTEMPATH\Database\BaseConnection.php(827): CodeIgniter\Database\BaseConnection->simpleQuery('SELECT SUM(`total_amount`) AS `total_amount`
FROM `sales_charges` `sc`
JOIN `bookings` `b` ON `b`.`id` = `sc`.`booking_id`
WHERE `b`.`company_id` = \'1\'')
 4 SYSTEMPATH\Database\BaseBuilder.php(1649): CodeIgniter\Database\BaseConnection->query('SELECT SUM(`total_amount`) AS `total_amount`
FROM `sales_charges` `sc`
JOIN `bookings` `b` ON `b`.`id` = `sc`.`booking_id`
WHERE `b`.`company_id` = :b.company_id:', [...], false)
 5 APPPATH\Models\BookingModel.php(58): CodeIgniter\Database\BaseBuilder->get()
 6 APPPATH\Controllers\Logistics.php(58): App\Models\BookingModel->getCompanyStats('1')
 7 SYSTEMPATH\CodeIgniter.php(951): App\Controllers\Logistics->index()
 8 SYSTEMPATH\CodeIgniter.php(497): CodeIgniter\CodeIgniter->runController(Object(App\Controllers\Logistics))
 9 SYSTEMPATH\CodeIgniter.php(340): CodeIgniter\CodeIgniter->handleRequest(null, Object(Config\Cache), false)
10 SYSTEMPATH\Boot.php(417): CodeIgniter\CodeIgniter->run()
11 SYSTEMPATH\Boot.php(68): CodeIgniter\Boot::runCodeIgniter(Object(CodeIgniter\CodeIgniter))
12 FCPATH\index.php(59): CodeIgniter\Boot::bootWeb(Object(Config\Paths))
13 SYSTEMPATH\rewrite.php(44): require_once('D:\\Company Work\\Company projects\\MAlogistic\\public\\index.php')
ERROR - 2026-05-21 08:03:56 --> Unknown column 'total_amount' in 'field list'
in SYSTEMPATH\Database\MySQLi\Connection.php on line 300.
 1 SYSTEMPATH\Database\MySQLi\Connection.php(300): mysqli->query('SELECT SUM(`total_amount`) AS `total_amount`
FROM `sales_charges` `sc`
JOIN `bookings` `b` ON `b`.`id` = `sc`.`booking_id`
WHERE `b`.`company_id` = \'1\'', 0)
 2 SYSTEMPATH\Database\BaseConnection.php(910): CodeIgniter\Database\MySQLi\Connection->execute('SELECT SUM(`total_amount`) AS `total_amount`
FROM `sales_charges` `sc`
JOIN `bookings` `b` ON `b`.`id` = `sc`.`booking_id`
WHERE `b`.`company_id` = \'1\'')
 3 SYSTEMPATH\Database\BaseConnection.php(827): CodeIgniter\Database\BaseConnection->simpleQuery('SELECT SUM(`total_amount`) AS `total_amount`
FROM `sales_charges` `sc`
JOIN `bookings` `b` ON `b`.`id` = `sc`.`booking_id`
WHERE `b`.`company_id` = \'1\'')
 4 SYSTEMPATH\Database\BaseBuilder.php(1649): CodeIgniter\Database\BaseConnection->query('SELECT SUM(`total_amount`) AS `total_amount`
FROM `sales_charges` `sc`
JOIN `bookings` `b` ON `b`.`id` = `sc`.`booking_id`
WHERE `b`.`company_id` = :b.company_id:', [...], false)
 5 APPPATH\Models\BookingModel.php(58): CodeIgniter\Database\BaseBuilder->get()
 6 APPPATH\Controllers\Logistics.php(58): App\Models\BookingModel->getCompanyStats('1')
 7 SYSTEMPATH\CodeIgniter.php(951): App\Controllers\Logistics->index()
 8 SYSTEMPATH\CodeIgniter.php(497): CodeIgniter\CodeIgniter->runController(Object(App\Controllers\Logistics))
 9 SYSTEMPATH\CodeIgniter.php(340): CodeIgniter\CodeIgniter->handleRequest(null, Object(Config\Cache), false)
10 SYSTEMPATH\Boot.php(417): CodeIgniter\CodeIgniter->run()
11 SYSTEMPATH\Boot.php(68): CodeIgniter\Boot::runCodeIgniter(Object(CodeIgniter\CodeIgniter))
12 FCPATH\index.php(59): CodeIgniter\Boot::bootWeb(Object(Config\Paths))
13 SYSTEMPATH\rewrite.php(44): require_once('D:\\Company Work\\Company projects\\MAlogistic\\public\\index.php')
CRITICAL - 2026-05-21 08:03:56 --> CodeIgniter\Database\Exceptions\DatabaseException: Unknown column 'total_amount' in 'field list'
[Method: GET, Route: logistics]
in SYSTEMPATH\Database\BaseConnection.php on line 865.
 1 SYSTEMPATH\Database\BaseBuilder.php(1649): CodeIgniter\Database\BaseConnection->query('SELECT SUM(`total_amount`) AS `total_amount`
FROM `sales_charges` `sc`
JOIN `bookings` `b` ON `b`.`id` = `sc`.`booking_id`
WHERE `b`.`company_id` = :b.company_id:', [...], false)
 2 APPPATH\Models\BookingModel.php(58): CodeIgniter\Database\BaseBuilder->get()
 3 APPPATH\Controllers\Logistics.php(58): App\Models\BookingModel->getCompanyStats('1')
 4 SYSTEMPATH\CodeIgniter.php(951): App\Controllers\Logistics->index()
 5 SYSTEMPATH\CodeIgniter.php(497): CodeIgniter\CodeIgniter->runController(Object(App\Controllers\Logistics))
 6 SYSTEMPATH\CodeIgniter.php(340): CodeIgniter\CodeIgniter->handleRequest(null, Object(Config\Cache), false)
 7 SYSTEMPATH\Boot.php(417): CodeIgniter\CodeIgniter->run()
 8 SYSTEMPATH\Boot.php(68): CodeIgniter\Boot::runCodeIgniter(Object(CodeIgniter\CodeIgniter))
 9 FCPATH\index.php(59): CodeIgniter\Boot::bootWeb(Object(Config\Paths))
10 SYSTEMPATH\rewrite.php(44): require_once('D:\\Company Work\\Company projects\\MAlogistic\\public\\index.php')
CRITICAL - 2026-05-21 08:03:56 --> [Caused by] CodeIgniter\Database\Exceptions\DatabaseException: Unknown column 'total_amount' in 'field list'
in SYSTEMPATH\Database\MySQLi\Connection.php on line 310.
 1 SYSTEMPATH\Database\BaseConnection.php(910): CodeIgniter\Database\MySQLi\Connection->execute('SELECT SUM(`total_amount`) AS `total_amount`
FROM `sales_charges` `sc`
JOIN `bookings` `b` ON `b`.`id` = `sc`.`booking_id`
WHERE `b`.`company_id` = \'1\'')
 2 SYSTEMPATH\Database\BaseConnection.php(827): CodeIgniter\Database\BaseConnection->simpleQuery('SELECT SUM(`total_amount`) AS `total_amount`
FROM `sales_charges` `sc`
JOIN `bookings` `b` ON `b`.`id` = `sc`.`booking_id`
WHERE `b`.`company_id` = \'1\'')
 3 SYSTEMPATH\Database\BaseBuilder.php(1649): CodeIgniter\Database\BaseConnection->query('SELECT SUM(`total_amount`) AS `total_amount`
FROM `sales_charges` `sc`
JOIN `bookings` `b` ON `b`.`id` = `sc`.`booking_id`
WHERE `b`.`company_id` = :b.company_id:', [...], false)
 4 APPPATH\Models\BookingModel.php(58): CodeIgniter\Database\BaseBuilder->get()
 5 APPPATH\Controllers\Logistics.php(58): App\Models\BookingModel->getCompanyStats('1')
 6 SYSTEMPATH\CodeIgniter.php(951): App\Controllers\Logistics->index()
 7 SYSTEMPATH\CodeIgniter.php(497): CodeIgniter\CodeIgniter->runController(Object(App\Controllers\Logistics))
 8 SYSTEMPATH\CodeIgniter.php(340): CodeIgniter\CodeIgniter->handleRequest(null, Object(Config\Cache), false)
 9 SYSTEMPATH\Boot.php(417): CodeIgniter\CodeIgniter->run()
10 SYSTEMPATH\Boot.php(68): CodeIgniter\Boot::runCodeIgniter(Object(CodeIgniter\CodeIgniter))
11 FCPATH\index.php(59): CodeIgniter\Boot::bootWeb(Object(Config\Paths))
12 SYSTEMPATH\rewrite.php(44): require_once('D:\\Company Work\\Company projects\\MAlogistic\\public\\index.php')
CRITICAL - 2026-05-21 08:03:56 --> [Caused by] mysqli_sql_exception: Unknown column 'total_amount' in 'field list'
in SYSTEMPATH\Database\MySQLi\Connection.php on line 300.
 1 SYSTEMPATH\Database\MySQLi\Connection.php(300): mysqli->query('SELECT SUM(`total_amount`) AS `total_amount`
FROM `sales_charges` `sc`
JOIN `bookings` `b` ON `b`.`id` = `sc`.`booking_id`
WHERE `b`.`company_id` = \'1\'', 0)
 2 SYSTEMPATH\Database\BaseConnection.php(910): CodeIgniter\Database\MySQLi\Connection->execute('SELECT SUM(`total_amount`) AS `total_amount`
FROM `sales_charges` `sc`
JOIN `bookings` `b` ON `b`.`id` = `sc`.`booking_id`
WHERE `b`.`company_id` = \'1\'')
 3 SYSTEMPATH\Database\BaseConnection.php(827): CodeIgniter\Database\BaseConnection->simpleQuery('SELECT SUM(`total_amount`) AS `total_amount`
FROM `sales_charges` `sc`
JOIN `bookings` `b` ON `b`.`id` = `sc`.`booking_id`
WHERE `b`.`company_id` = \'1\'')
 4 SYSTEMPATH\Database\BaseBuilder.php(1649): CodeIgniter\Database\BaseConnection->query('SELECT SUM(`total_amount`) AS `total_amount`
FROM `sales_charges` `sc`
JOIN `bookings` `b` ON `b`.`id` = `sc`.`booking_id`
WHERE `b`.`company_id` = :b.company_id:', [...], false)
 5 APPPATH\Models\BookingModel.php(58): CodeIgniter\Database\BaseBuilder->get()
 6 APPPATH\Controllers\Logistics.php(58): App\Models\BookingModel->getCompanyStats('1')
 7 SYSTEMPATH\CodeIgniter.php(951): App\Controllers\Logistics->index()
 8 SYSTEMPATH\CodeIgniter.php(497): CodeIgniter\CodeIgniter->runController(Object(App\Controllers\Logistics))
 9 SYSTEMPATH\CodeIgniter.php(340): CodeIgniter\CodeIgniter->handleRequest(null, Object(Config\Cache), false)
10 SYSTEMPATH\Boot.php(417): CodeIgniter\CodeIgniter->run()
11 SYSTEMPATH\Boot.php(68): CodeIgniter\Boot::runCodeIgniter(Object(CodeIgniter\CodeIgniter))
12 FCPATH\index.php(59): CodeIgniter\Boot::bootWeb(Object(Config\Paths))
13 SYSTEMPATH\rewrite.php(44): require_once('D:\\Company Work\\Company projects\\MAlogistic\\public\\index.php')
ERROR - 2026-05-21 08:04:09 --> Unknown column 'total_amount' in 'field list'
in SYSTEMPATH\Database\MySQLi\Connection.php on line 300.
 1 SYSTEMPATH\Database\MySQLi\Connection.php(300): mysqli->query('SELECT SUM(`total_amount`) AS `total_amount`
FROM `sales_charges` `sc`
JOIN `bookings` `b` ON `b`.`id` = `sc`.`booking_id`
WHERE `b`.`company_id` = \'1\'', 0)
 2 SYSTEMPATH\Database\BaseConnection.php(910): CodeIgniter\Database\MySQLi\Connection->execute('SELECT SUM(`total_amount`) AS `total_amount`
FROM `sales_charges` `sc`
JOIN `bookings` `b` ON `b`.`id` = `sc`.`booking_id`
WHERE `b`.`company_id` = \'1\'')
 3 SYSTEMPATH\Database\BaseConnection.php(827): CodeIgniter\Database\BaseConnection->simpleQuery('SELECT SUM(`total_amount`) AS `total_amount`
FROM `sales_charges` `sc`
JOIN `bookings` `b` ON `b`.`id` = `sc`.`booking_id`
WHERE `b`.`company_id` = \'1\'')
 4 SYSTEMPATH\Database\BaseBuilder.php(1649): CodeIgniter\Database\BaseConnection->query('SELECT SUM(`total_amount`) AS `total_amount`
FROM `sales_charges` `sc`
JOIN `bookings` `b` ON `b`.`id` = `sc`.`booking_id`
WHERE `b`.`company_id` = :b.company_id:', [...], false)
 5 APPPATH\Models\BookingModel.php(58): CodeIgniter\Database\BaseBuilder->get()
 6 APPPATH\Controllers\Logistics.php(58): App\Models\BookingModel->getCompanyStats('1')
 7 SYSTEMPATH\CodeIgniter.php(951): App\Controllers\Logistics->index()
 8 SYSTEMPATH\CodeIgniter.php(497): CodeIgniter\CodeIgniter->runController(Object(App\Controllers\Logistics))
 9 SYSTEMPATH\CodeIgniter.php(340): CodeIgniter\CodeIgniter->handleRequest(null, Object(Config\Cache), false)
10 SYSTEMPATH\Boot.php(417): CodeIgniter\CodeIgniter->run()
11 SYSTEMPATH\Boot.php(68): CodeIgniter\Boot::runCodeIgniter(Object(CodeIgniter\CodeIgniter))
12 FCPATH\index.php(59): CodeIgniter\Boot::bootWeb(Object(Config\Paths))
13 SYSTEMPATH\rewrite.php(44): require_once('D:\\Company Work\\Company projects\\MAlogistic\\public\\index.php')
CRITICAL - 2026-05-21 08:04:09 --> CodeIgniter\Database\Exceptions\DatabaseException: Unknown column 'total_amount' in 'field list'
[Method: GET, Route: logistics]
in SYSTEMPATH\Database\BaseConnection.php on line 865.
 1 SYSTEMPATH\Database\BaseBuilder.php(1649): CodeIgniter\Database\BaseConnection->query('SELECT SUM(`total_amount`) AS `total_amount`
FROM `sales_charges` `sc`
JOIN `bookings` `b` ON `b`.`id` = `sc`.`booking_id`
WHERE `b`.`company_id` = :b.company_id:', [...], false)
 2 APPPATH\Models\BookingModel.php(58): CodeIgniter\Database\BaseBuilder->get()
 3 APPPATH\Controllers\Logistics.php(58): App\Models\BookingModel->getCompanyStats('1')
 4 SYSTEMPATH\CodeIgniter.php(951): App\Controllers\Logistics->index()
 5 SYSTEMPATH\CodeIgniter.php(497): CodeIgniter\CodeIgniter->runController(Object(App\Controllers\Logistics))
 6 SYSTEMPATH\CodeIgniter.php(340): CodeIgniter\CodeIgniter->handleRequest(null, Object(Config\Cache), false)
 7 SYSTEMPATH\Boot.php(417): CodeIgniter\CodeIgniter->run()
 8 SYSTEMPATH\Boot.php(68): CodeIgniter\Boot::runCodeIgniter(Object(CodeIgniter\CodeIgniter))
 9 FCPATH\index.php(59): CodeIgniter\Boot::bootWeb(Object(Config\Paths))
10 SYSTEMPATH\rewrite.php(44): require_once('D:\\Company Work\\Company projects\\MAlogistic\\public\\index.php')
CRITICAL - 2026-05-21 08:04:09 --> [Caused by] CodeIgniter\Database\Exceptions\DatabaseException: Unknown column 'total_amount' in 'field list'
in SYSTEMPATH\Database\MySQLi\Connection.php on line 310.
 1 SYSTEMPATH\Database\BaseConnection.php(910): CodeIgniter\Database\MySQLi\Connection->execute('SELECT SUM(`total_amount`) AS `total_amount`
FROM `sales_charges` `sc`
JOIN `bookings` `b` ON `b`.`id` = `sc`.`booking_id`
WHERE `b`.`company_id` = \'1\'')
 2 SYSTEMPATH\Database\BaseConnection.php(827): CodeIgniter\Database\BaseConnection->simpleQuery('SELECT SUM(`total_amount`) AS `total_amount`
FROM `sales_charges` `sc`
JOIN `bookings` `b` ON `b`.`id` = `sc`.`booking_id`
WHERE `b`.`company_id` = \'1\'')
 3 SYSTEMPATH\Database\BaseBuilder.php(1649): CodeIgniter\Database\BaseConnection->query('SELECT SUM(`total_amount`) AS `total_amount`
FROM `sales_charges` `sc`
JOIN `bookings` `b` ON `b`.`id` = `sc`.`booking_id`
WHERE `b`.`company_id` = :b.company_id:', [...], false)
 4 APPPATH\Models\BookingModel.php(58): CodeIgniter\Database\BaseBuilder->get()
 5 APPPATH\Controllers\Logistics.php(58): App\Models\BookingModel->getCompanyStats('1')
 6 SYSTEMPATH\CodeIgniter.php(951): App\Controllers\Logistics->index()
 7 SYSTEMPATH\CodeIgniter.php(497): CodeIgniter\CodeIgniter->runController(Object(App\Controllers\Logistics))
 8 SYSTEMPATH\CodeIgniter.php(340): CodeIgniter\CodeIgniter->handleRequest(null, Object(Config\Cache), false)
 9 SYSTEMPATH\Boot.php(417): CodeIgniter\CodeIgniter->run()
10 SYSTEMPATH\Boot.php(68): CodeIgniter\Boot::runCodeIgniter(Object(CodeIgniter\CodeIgniter))
11 FCPATH\index.php(59): CodeIgniter\Boot::bootWeb(Object(Config\Paths))
12 SYSTEMPATH\rewrite.php(44): require_once('D:\\Company Work\\Company projects\\MAlogistic\\public\\index.php')
CRITICAL - 2026-05-21 08:04:09 --> [Caused by] mysqli_sql_exception: Unknown column 'total_amount' in 'field list'
in SYSTEMPATH\Database\MySQLi\Connection.php on line 300.
 1 SYSTEMPATH\Database\MySQLi\Connection.php(300): mysqli->query('SELECT SUM(`total_amount`) AS `total_amount`
FROM `sales_charges` `sc`
JOIN `bookings` `b` ON `b`.`id` = `sc`.`booking_id`
WHERE `b`.`company_id` = \'1\'', 0)
 2 SYSTEMPATH\Database\BaseConnection.php(910): CodeIgniter\Database\MySQLi\Connection->execute('SELECT SUM(`total_amount`) AS `total_amount`
FROM `sales_charges` `sc`
JOIN `bookings` `b` ON `b`.`id` = `sc`.`booking_id`
WHERE `b`.`company_id` = \'1\'')
 3 SYSTEMPATH\Database\BaseConnection.php(827): CodeIgniter\Database\BaseConnection->simpleQuery('SELECT SUM(`total_amount`) AS `total_amount`
FROM `sales_charges` `sc`
JOIN `bookings` `b` ON `b`.`id` = `sc`.`booking_id`
WHERE `b`.`company_id` = \'1\'')
 4 SYSTEMPATH\Database\BaseBuilder.php(1649): CodeIgniter\Database\BaseConnection->query('SELECT SUM(`total_amount`) AS `total_amount`
FROM `sales_charges` `sc`
JOIN `bookings` `b` ON `b`.`id` = `sc`.`booking_id`
WHERE `b`.`company_id` = :b.company_id:', [...], false)
 5 APPPATH\Models\BookingModel.php(58): CodeIgniter\Database\BaseBuilder->get()
 6 APPPATH\Controllers\Logistics.php(58): App\Models\BookingModel->getCompanyStats('1')
 7 SYSTEMPATH\CodeIgniter.php(951): App\Controllers\Logistics->index()
 8 SYSTEMPATH\CodeIgniter.php(497): CodeIgniter\CodeIgniter->runController(Object(App\Controllers\Logistics))
 9 SYSTEMPATH\CodeIgniter.php(340): CodeIgniter\CodeIgniter->handleRequest(null, Object(Config\Cache), false)
10 SYSTEMPATH\Boot.php(417): CodeIgniter\CodeIgniter->run()
11 SYSTEMPATH\Boot.php(68): CodeIgniter\Boot::runCodeIgniter(Object(CodeIgniter\CodeIgniter))
12 FCPATH\index.php(59): CodeIgniter\Boot::bootWeb(Object(Config\Paths))
13 SYSTEMPATH\rewrite.php(44): require_once('D:\\Company Work\\Company projects\\MAlogistic\\public\\index.php')
ERROR - 2026-05-21 08:04:12 --> Unknown column 'total_amount' in 'field list'
in SYSTEMPATH\Database\MySQLi\Connection.php on line 300.
 1 SYSTEMPATH\Database\MySQLi\Connection.php(300): mysqli->query('SELECT SUM(`total_amount`) AS `total_amount`
FROM `sales_charges` `sc`
JOIN `bookings` `b` ON `b`.`id` = `sc`.`booking_id`
WHERE `b`.`company_id` = \'1\'', 0)
 2 SYSTEMPATH\Database\BaseConnection.php(910): CodeIgniter\Database\MySQLi\Connection->execute('SELECT SUM(`total_amount`) AS `total_amount`
FROM `sales_charges` `sc`
JOIN `bookings` `b` ON `b`.`id` = `sc`.`booking_id`
WHERE `b`.`company_id` = \'1\'')
 3 SYSTEMPATH\Database\BaseConnection.php(827): CodeIgniter\Database\BaseConnection->simpleQuery('SELECT SUM(`total_amount`) AS `total_amount`
FROM `sales_charges` `sc`
JOIN `bookings` `b` ON `b`.`id` = `sc`.`booking_id`
WHERE `b`.`company_id` = \'1\'')
 4 SYSTEMPATH\Database\BaseBuilder.php(1649): CodeIgniter\Database\BaseConnection->query('SELECT SUM(`total_amount`) AS `total_amount`
FROM `sales_charges` `sc`
JOIN `bookings` `b` ON `b`.`id` = `sc`.`booking_id`
WHERE `b`.`company_id` = :b.company_id:', [...], false)
 5 APPPATH\Models\BookingModel.php(58): CodeIgniter\Database\BaseBuilder->get()
 6 APPPATH\Controllers\Logistics.php(58): App\Models\BookingModel->getCompanyStats('1')
 7 SYSTEMPATH\CodeIgniter.php(951): App\Controllers\Logistics->index()
 8 SYSTEMPATH\CodeIgniter.php(497): CodeIgniter\CodeIgniter->runController(Object(App\Controllers\Logistics))
 9 SYSTEMPATH\CodeIgniter.php(340): CodeIgniter\CodeIgniter->handleRequest(null, Object(Config\Cache), false)
10 SYSTEMPATH\Boot.php(417): CodeIgniter\CodeIgniter->run()
11 SYSTEMPATH\Boot.php(68): CodeIgniter\Boot::runCodeIgniter(Object(CodeIgniter\CodeIgniter))
12 FCPATH\index.php(59): CodeIgniter\Boot::bootWeb(Object(Config\Paths))
13 SYSTEMPATH\rewrite.php(44): require_once('D:\\Company Work\\Company projects\\MAlogistic\\public\\index.php')
CRITICAL - 2026-05-21 08:04:12 --> CodeIgniter\Database\Exceptions\DatabaseException: Unknown column 'total_amount' in 'field list'
[Method: GET, Route: logistics]
in SYSTEMPATH\Database\BaseConnection.php on line 865.
 1 SYSTEMPATH\Database\BaseBuilder.php(1649): CodeIgniter\Database\BaseConnection->query('SELECT SUM(`total_amount`) AS `total_amount`
FROM `sales_charges` `sc`
JOIN `bookings` `b` ON `b`.`id` = `sc`.`booking_id`
WHERE `b`.`company_id` = :b.company_id:', [...], false)
 2 APPPATH\Models\BookingModel.php(58): CodeIgniter\Database\BaseBuilder->get()
 3 APPPATH\Controllers\Logistics.php(58): App\Models\BookingModel->getCompanyStats('1')
 4 SYSTEMPATH\CodeIgniter.php(951): App\Controllers\Logistics->index()
 5 SYSTEMPATH\CodeIgniter.php(497): CodeIgniter\CodeIgniter->runController(Object(App\Controllers\Logistics))
 6 SYSTEMPATH\CodeIgniter.php(340): CodeIgniter\CodeIgniter->handleRequest(null, Object(Config\Cache), false)
 7 SYSTEMPATH\Boot.php(417): CodeIgniter\CodeIgniter->run()
 8 SYSTEMPATH\Boot.php(68): CodeIgniter\Boot::runCodeIgniter(Object(CodeIgniter\CodeIgniter))
 9 FCPATH\index.php(59): CodeIgniter\Boot::bootWeb(Object(Config\Paths))
10 SYSTEMPATH\rewrite.php(44): require_once('D:\\Company Work\\Company projects\\MAlogistic\\public\\index.php')
CRITICAL - 2026-05-21 08:04:12 --> [Caused by] CodeIgniter\Database\Exceptions\DatabaseException: Unknown column 'total_amount' in 'field list'
in SYSTEMPATH\Database\MySQLi\Connection.php on line 310.
 1 SYSTEMPATH\Database\BaseConnection.php(910): CodeIgniter\Database\MySQLi\Connection->execute('SELECT SUM(`total_amount`) AS `total_amount`
FROM `sales_charges` `sc`
JOIN `bookings` `b` ON `b`.`id` = `sc`.`booking_id`
WHERE `b`.`company_id` = \'1\'')
 2 SYSTEMPATH\Database\BaseConnection.php(827): CodeIgniter\Database\BaseConnection->simpleQuery('SELECT SUM(`total_amount`) AS `total_amount`
FROM `sales_charges` `sc`
JOIN `bookings` `b` ON `b`.`id` = `sc`.`booking_id`
WHERE `b`.`company_id` = \'1\'')
 3 SYSTEMPATH\Database\BaseBuilder.php(1649): CodeIgniter\Database\BaseConnection->query('SELECT SUM(`total_amount`) AS `total_amount`
FROM `sales_charges` `sc`
JOIN `bookings` `b` ON `b`.`id` = `sc`.`booking_id`
WHERE `b`.`company_id` = :b.company_id:', [...], false)
 4 APPPATH\Models\BookingModel.php(58): CodeIgniter\Database\BaseBuilder->get()
 5 APPPATH\Controllers\Logistics.php(58): App\Models\BookingModel->getCompanyStats('1')
 6 SYSTEMPATH\CodeIgniter.php(951): App\Controllers\Logistics->index()
 7 SYSTEMPATH\CodeIgniter.php(497): CodeIgniter\CodeIgniter->runController(Object(App\Controllers\Logistics))
 8 SYSTEMPATH\CodeIgniter.php(340): CodeIgniter\CodeIgniter->handleRequest(null, Object(Config\Cache), false)
 9 SYSTEMPATH\Boot.php(417): CodeIgniter\CodeIgniter->run()
10 SYSTEMPATH\Boot.php(68): CodeIgniter\Boot::runCodeIgniter(Object(CodeIgniter\CodeIgniter))
11 FCPATH\index.php(59): CodeIgniter\Boot::bootWeb(Object(Config\Paths))
12 SYSTEMPATH\rewrite.php(44): require_once('D:\\Company Work\\Company projects\\MAlogistic\\public\\index.php')
CRITICAL - 2026-05-21 08:04:12 --> [Caused by] mysqli_sql_exception: Unknown column 'total_amount' in 'field list'
in SYSTEMPATH\Database\MySQLi\Connection.php on line 300.
 1 SYSTEMPATH\Database\MySQLi\Connection.php(300): mysqli->query('SELECT SUM(`total_amount`) AS `total_amount`
FROM `sales_charges` `sc`
JOIN `bookings` `b` ON `b`.`id` = `sc`.`booking_id`
WHERE `b`.`company_id` = \'1\'', 0)
 2 SYSTEMPATH\Database\BaseConnection.php(910): CodeIgniter\Database\MySQLi\Connection->execute('SELECT SUM(`total_amount`) AS `total_amount`
FROM `sales_charges` `sc`
JOIN `bookings` `b` ON `b`.`id` = `sc`.`booking_id`
WHERE `b`.`company_id` = \'1\'')
 3 SYSTEMPATH\Database\BaseConnection.php(827): CodeIgniter\Database\BaseConnection->simpleQuery('SELECT SUM(`total_amount`) AS `total_amount`
FROM `sales_charges` `sc`
JOIN `bookings` `b` ON `b`.`id` = `sc`.`booking_id`
WHERE `b`.`company_id` = \'1\'')
 4 SYSTEMPATH\Database\BaseBuilder.php(1649): CodeIgniter\Database\BaseConnection->query('SELECT SUM(`total_amount`) AS `total_amount`
FROM `sales_charges` `sc`
JOIN `bookings` `b` ON `b`.`id` = `sc`.`booking_id`
WHERE `b`.`company_id` = :b.company_id:', [...], false)
 5 APPPATH\Models\BookingModel.php(58): CodeIgniter\Database\BaseBuilder->get()
 6 APPPATH\Controllers\Logistics.php(58): App\Models\BookingModel->getCompanyStats('1')
 7 SYSTEMPATH\CodeIgniter.php(951): App\Controllers\Logistics->index()
 8 SYSTEMPATH\CodeIgniter.php(497): CodeIgniter\CodeIgniter->runController(Object(App\Controllers\Logistics))
 9 SYSTEMPATH\CodeIgniter.php(340): CodeIgniter\CodeIgniter->handleRequest(null, Object(Config\Cache), false)
10 SYSTEMPATH\Boot.php(417): CodeIgniter\CodeIgniter->run()
11 SYSTEMPATH\Boot.php(68): CodeIgniter\Boot::runCodeIgniter(Object(CodeIgniter\CodeIgniter))
12 FCPATH\index.php(59): CodeIgniter\Boot::bootWeb(Object(Config\Paths))
13 SYSTEMPATH\rewrite.php(44): require_once('D:\\Company Work\\Company projects\\MAlogistic\\public\\index.php')
ERROR - 2026-05-21 08:07:34 --> Unknown column 'amount' in 'field list'
in SYSTEMPATH\Database\MySQLi\Connection.php on line 300.
 1 SYSTEMPATH\Database\MySQLi\Connection.php(300): mysqli->query('SELECT SUM(`amount`) AS `amount`
FROM `sales_charges` `sc`
JOIN `bookings` `b` ON `b`.`id` = `sc`.`booking_id`
WHERE `b`.`company_id` = \'1\'', 0)
 2 SYSTEMPATH\Database\BaseConnection.php(910): CodeIgniter\Database\MySQLi\Connection->execute('SELECT SUM(`amount`) AS `amount`
FROM `sales_charges` `sc`
JOIN `bookings` `b` ON `b`.`id` = `sc`.`booking_id`
WHERE `b`.`company_id` = \'1\'')
 3 SYSTEMPATH\Database\BaseConnection.php(827): CodeIgniter\Database\BaseConnection->simpleQuery('SELECT SUM(`amount`) AS `amount`
FROM `sales_charges` `sc`
JOIN `bookings` `b` ON `b`.`id` = `sc`.`booking_id`
WHERE `b`.`company_id` = \'1\'')
 4 SYSTEMPATH\Database\BaseBuilder.php(1649): CodeIgniter\Database\BaseConnection->query('SELECT SUM(`amount`) AS `amount`
FROM `sales_charges` `sc`
JOIN `bookings` `b` ON `b`.`id` = `sc`.`booking_id`
WHERE `b`.`company_id` = :b.company_id:', [...], false)
 5 APPPATH\Models\BookingModel.php(58): CodeIgniter\Database\BaseBuilder->get()
 6 APPPATH\Controllers\Logistics.php(58): App\Models\BookingModel->getCompanyStats('1')
 7 SYSTEMPATH\CodeIgniter.php(951): App\Controllers\Logistics->index()
 8 SYSTEMPATH\CodeIgniter.php(497): CodeIgniter\CodeIgniter->runController(Object(App\Controllers\Logistics))
 9 SYSTEMPATH\CodeIgniter.php(340): CodeIgniter\CodeIgniter->handleRequest(null, Object(Config\Cache), false)
10 SYSTEMPATH\Boot.php(417): CodeIgniter\CodeIgniter->run()
11 SYSTEMPATH\Boot.php(68): CodeIgniter\Boot::runCodeIgniter(Object(CodeIgniter\CodeIgniter))
12 FCPATH\index.php(59): CodeIgniter\Boot::bootWeb(Object(Config\Paths))
13 SYSTEMPATH\rewrite.php(44): require_once('D:\\Company Work\\Company projects\\MAlogistic\\public\\index.php')
CRITICAL - 2026-05-21 08:07:34 --> CodeIgniter\Database\Exceptions\DatabaseException: Unknown column 'amount' in 'field list'
[Method: GET, Route: logistics]
in SYSTEMPATH\Database\BaseConnection.php on line 865.
 1 SYSTEMPATH\Database\BaseBuilder.php(1649): CodeIgniter\Database\BaseConnection->query('SELECT SUM(`amount`) AS `amount`
FROM `sales_charges` `sc`
JOIN `bookings` `b` ON `b`.`id` = `sc`.`booking_id`
WHERE `b`.`company_id` = :b.company_id:', [...], false)
 2 APPPATH\Models\BookingModel.php(58): CodeIgniter\Database\BaseBuilder->get()
 3 APPPATH\Controllers\Logistics.php(58): App\Models\BookingModel->getCompanyStats('1')
 4 SYSTEMPATH\CodeIgniter.php(951): App\Controllers\Logistics->index()
 5 SYSTEMPATH\CodeIgniter.php(497): CodeIgniter\CodeIgniter->runController(Object(App\Controllers\Logistics))
 6 SYSTEMPATH\CodeIgniter.php(340): CodeIgniter\CodeIgniter->handleRequest(null, Object(Config\Cache), false)
 7 SYSTEMPATH\Boot.php(417): CodeIgniter\CodeIgniter->run()
 8 SYSTEMPATH\Boot.php(68): CodeIgniter\Boot::runCodeIgniter(Object(CodeIgniter\CodeIgniter))
 9 FCPATH\index.php(59): CodeIgniter\Boot::bootWeb(Object(Config\Paths))
10 SYSTEMPATH\rewrite.php(44): require_once('D:\\Company Work\\Company projects\\MAlogistic\\public\\index.php')
CRITICAL - 2026-05-21 08:07:34 --> [Caused by] CodeIgniter\Database\Exceptions\DatabaseException: Unknown column 'amount' in 'field list'
in SYSTEMPATH\Database\MySQLi\Connection.php on line 310.
 1 SYSTEMPATH\Database\BaseConnection.php(910): CodeIgniter\Database\MySQLi\Connection->execute('SELECT SUM(`amount`) AS `amount`
FROM `sales_charges` `sc`
JOIN `bookings` `b` ON `b`.`id` = `sc`.`booking_id`
WHERE `b`.`company_id` = \'1\'')
 2 SYSTEMPATH\Database\BaseConnection.php(827): CodeIgniter\Database\BaseConnection->simpleQuery('SELECT SUM(`amount`) AS `amount`
FROM `sales_charges` `sc`
JOIN `bookings` `b` ON `b`.`id` = `sc`.`booking_id`
WHERE `b`.`company_id` = \'1\'')
 3 SYSTEMPATH\Database\BaseBuilder.php(1649): CodeIgniter\Database\BaseConnection->query('SELECT SUM(`amount`) AS `amount`
FROM `sales_charges` `sc`
JOIN `bookings` `b` ON `b`.`id` = `sc`.`booking_id`
WHERE `b`.`company_id` = :b.company_id:', [...], false)
 4 APPPATH\Models\BookingModel.php(58): CodeIgniter\Database\BaseBuilder->get()
 5 APPPATH\Controllers\Logistics.php(58): App\Models\BookingModel->getCompanyStats('1')
 6 SYSTEMPATH\CodeIgniter.php(951): App\Controllers\Logistics->index()
 7 SYSTEMPATH\CodeIgniter.php(497): CodeIgniter\CodeIgniter->runController(Object(App\Controllers\Logistics))
 8 SYSTEMPATH\CodeIgniter.php(340): CodeIgniter\CodeIgniter->handleRequest(null, Object(Config\Cache), false)
 9 SYSTEMPATH\Boot.php(417): CodeIgniter\CodeIgniter->run()
10 SYSTEMPATH\Boot.php(68): CodeIgniter\Boot::runCodeIgniter(Object(CodeIgniter\CodeIgniter))
11 FCPATH\index.php(59): CodeIgniter\Boot::bootWeb(Object(Config\Paths))
12 SYSTEMPATH\rewrite.php(44): require_once('D:\\Company Work\\Company projects\\MAlogistic\\public\\index.php')
CRITICAL - 2026-05-21 08:07:34 --> [Caused by] mysqli_sql_exception: Unknown column 'amount' in 'field list'
in SYSTEMPATH\Database\MySQLi\Connection.php on line 300.
 1 SYSTEMPATH\Database\MySQLi\Connection.php(300): mysqli->query('SELECT SUM(`amount`) AS `amount`
FROM `sales_charges` `sc`
JOIN `bookings` `b` ON `b`.`id` = `sc`.`booking_id`
WHERE `b`.`company_id` = \'1\'', 0)
 2 SYSTEMPATH\Database\BaseConnection.php(910): CodeIgniter\Database\MySQLi\Connection->execute('SELECT SUM(`amount`) AS `amount`
FROM `sales_charges` `sc`
JOIN `bookings` `b` ON `b`.`id` = `sc`.`booking_id`
WHERE `b`.`company_id` = \'1\'')
 3 SYSTEMPATH\Database\BaseConnection.php(827): CodeIgniter\Database\BaseConnection->simpleQuery('SELECT SUM(`amount`) AS `amount`
FROM `sales_charges` `sc`
JOIN `bookings` `b` ON `b`.`id` = `sc`.`booking_id`
WHERE `b`.`company_id` = \'1\'')
 4 SYSTEMPATH\Database\BaseBuilder.php(1649): CodeIgniter\Database\BaseConnection->query('SELECT SUM(`amount`) AS `amount`
FROM `sales_charges` `sc`
JOIN `bookings` `b` ON `b`.`id` = `sc`.`booking_id`
WHERE `b`.`company_id` = :b.company_id:', [...], false)
 5 APPPATH\Models\BookingModel.php(58): CodeIgniter\Database\BaseBuilder->get()
 6 APPPATH\Controllers\Logistics.php(58): App\Models\BookingModel->getCompanyStats('1')
 7 SYSTEMPATH\CodeIgniter.php(951): App\Controllers\Logistics->index()
 8 SYSTEMPATH\CodeIgniter.php(497): CodeIgniter\CodeIgniter->runController(Object(App\Controllers\Logistics))
 9 SYSTEMPATH\CodeIgniter.php(340): CodeIgniter\CodeIgniter->handleRequest(null, Object(Config\Cache), false)
10 SYSTEMPATH\Boot.php(417): CodeIgniter\CodeIgniter->run()
11 SYSTEMPATH\Boot.php(68): CodeIgniter\Boot::runCodeIgniter(Object(CodeIgniter\CodeIgniter))
12 FCPATH\index.php(59): CodeIgniter\Boot::bootWeb(Object(Config\Paths))
13 SYSTEMPATH\rewrite.php(44): require_once('D:\\Company Work\\Company projects\\MAlogistic\\public\\index.php')
ERROR - 2026-05-21 08:07:45 --> Unknown column 'amount' in 'field list'
in SYSTEMPATH\Database\MySQLi\Connection.php on line 300.
 1 SYSTEMPATH\Database\MySQLi\Connection.php(300): mysqli->query('SELECT SUM(`amount`) AS `amount`
FROM `sales_charges` `sc`
JOIN `bookings` `b` ON `b`.`id` = `sc`.`booking_id`
WHERE `b`.`company_id` = \'1\'', 0)
 2 SYSTEMPATH\Database\BaseConnection.php(910): CodeIgniter\Database\MySQLi\Connection->execute('SELECT SUM(`amount`) AS `amount`
FROM `sales_charges` `sc`
JOIN `bookings` `b` ON `b`.`id` = `sc`.`booking_id`
WHERE `b`.`company_id` = \'1\'')
 3 SYSTEMPATH\Database\BaseConnection.php(827): CodeIgniter\Database\BaseConnection->simpleQuery('SELECT SUM(`amount`) AS `amount`
FROM `sales_charges` `sc`
JOIN `bookings` `b` ON `b`.`id` = `sc`.`booking_id`
WHERE `b`.`company_id` = \'1\'')
 4 SYSTEMPATH\Database\BaseBuilder.php(1649): CodeIgniter\Database\BaseConnection->query('SELECT SUM(`amount`) AS `amount`
FROM `sales_charges` `sc`
JOIN `bookings` `b` ON `b`.`id` = `sc`.`booking_id`
WHERE `b`.`company_id` = :b.company_id:', [...], false)
 5 APPPATH\Models\BookingModel.php(58): CodeIgniter\Database\BaseBuilder->get()
 6 APPPATH\Controllers\Logistics.php(58): App\Models\BookingModel->getCompanyStats('1')
 7 SYSTEMPATH\CodeIgniter.php(951): App\Controllers\Logistics->index()
 8 SYSTEMPATH\CodeIgniter.php(497): CodeIgniter\CodeIgniter->runController(Object(App\Controllers\Logistics))
 9 SYSTEMPATH\CodeIgniter.php(340): CodeIgniter\CodeIgniter->handleRequest(null, Object(Config\Cache), false)
10 SYSTEMPATH\Boot.php(417): CodeIgniter\CodeIgniter->run()
11 SYSTEMPATH\Boot.php(68): CodeIgniter\Boot::runCodeIgniter(Object(CodeIgniter\CodeIgniter))
12 FCPATH\index.php(59): CodeIgniter\Boot::bootWeb(Object(Config\Paths))
13 SYSTEMPATH\rewrite.php(44): require_once('D:\\Company Work\\Company projects\\MAlogistic\\public\\index.php')
CRITICAL - 2026-05-21 08:07:45 --> CodeIgniter\Database\Exceptions\DatabaseException: Unknown column 'amount' in 'field list'
[Method: GET, Route: logistics]
in SYSTEMPATH\Database\BaseConnection.php on line 865.
 1 SYSTEMPATH\Database\BaseBuilder.php(1649): CodeIgniter\Database\BaseConnection->query('SELECT SUM(`amount`) AS `amount`
FROM `sales_charges` `sc`
JOIN `bookings` `b` ON `b`.`id` = `sc`.`booking_id`
WHERE `b`.`company_id` = :b.company_id:', [...], false)
 2 APPPATH\Models\BookingModel.php(58): CodeIgniter\Database\BaseBuilder->get()
 3 APPPATH\Controllers\Logistics.php(58): App\Models\BookingModel->getCompanyStats('1')
 4 SYSTEMPATH\CodeIgniter.php(951): App\Controllers\Logistics->index()
 5 SYSTEMPATH\CodeIgniter.php(497): CodeIgniter\CodeIgniter->runController(Object(App\Controllers\Logistics))
 6 SYSTEMPATH\CodeIgniter.php(340): CodeIgniter\CodeIgniter->handleRequest(null, Object(Config\Cache), false)
 7 SYSTEMPATH\Boot.php(417): CodeIgniter\CodeIgniter->run()
 8 SYSTEMPATH\Boot.php(68): CodeIgniter\Boot::runCodeIgniter(Object(CodeIgniter\CodeIgniter))
 9 FCPATH\index.php(59): CodeIgniter\Boot::bootWeb(Object(Config\Paths))
10 SYSTEMPATH\rewrite.php(44): require_once('D:\\Company Work\\Company projects\\MAlogistic\\public\\index.php')
CRITICAL - 2026-05-21 08:07:45 --> [Caused by] CodeIgniter\Database\Exceptions\DatabaseException: Unknown column 'amount' in 'field list'
in SYSTEMPATH\Database\MySQLi\Connection.php on line 310.
 1 SYSTEMPATH\Database\BaseConnection.php(910): CodeIgniter\Database\MySQLi\Connection->execute('SELECT SUM(`amount`) AS `amount`
FROM `sales_charges` `sc`
JOIN `bookings` `b` ON `b`.`id` = `sc`.`booking_id`
WHERE `b`.`company_id` = \'1\'')
 2 SYSTEMPATH\Database\BaseConnection.php(827): CodeIgniter\Database\BaseConnection->simpleQuery('SELECT SUM(`amount`) AS `amount`
FROM `sales_charges` `sc`
JOIN `bookings` `b` ON `b`.`id` = `sc`.`booking_id`
WHERE `b`.`company_id` = \'1\'')
 3 SYSTEMPATH\Database\BaseBuilder.php(1649): CodeIgniter\Database\BaseConnection->query('SELECT SUM(`amount`) AS `amount`
FROM `sales_charges` `sc`
JOIN `bookings` `b` ON `b`.`id` = `sc`.`booking_id`
WHERE `b`.`company_id` = :b.company_id:', [...], false)
 4 APPPATH\Models\BookingModel.php(58): CodeIgniter\Database\BaseBuilder->get()
 5 APPPATH\Controllers\Logistics.php(58): App\Models\BookingModel->getCompanyStats('1')
 6 SYSTEMPATH\CodeIgniter.php(951): App\Controllers\Logistics->index()
 7 SYSTEMPATH\CodeIgniter.php(497): CodeIgniter\CodeIgniter->runController(Object(App\Controllers\Logistics))
 8 SYSTEMPATH\CodeIgniter.php(340): CodeIgniter\CodeIgniter->handleRequest(null, Object(Config\Cache), false)
 9 SYSTEMPATH\Boot.php(417): CodeIgniter\CodeIgniter->run()
10 SYSTEMPATH\Boot.php(68): CodeIgniter\Boot::runCodeIgniter(Object(CodeIgniter\CodeIgniter))
11 FCPATH\index.php(59): CodeIgniter\Boot::bootWeb(Object(Config\Paths))
12 SYSTEMPATH\rewrite.php(44): require_once('D:\\Company Work\\Company projects\\MAlogistic\\public\\index.php')
CRITICAL - 2026-05-21 08:07:45 --> [Caused by] mysqli_sql_exception: Unknown column 'amount' in 'field list'
in SYSTEMPATH\Database\MySQLi\Connection.php on line 300.
 1 SYSTEMPATH\Database\MySQLi\Connection.php(300): mysqli->query('SELECT SUM(`amount`) AS `amount`
FROM `sales_charges` `sc`
JOIN `bookings` `b` ON `b`.`id` = `sc`.`booking_id`
WHERE `b`.`company_id` = \'1\'', 0)
 2 SYSTEMPATH\Database\BaseConnection.php(910): CodeIgniter\Database\MySQLi\Connection->execute('SELECT SUM(`amount`) AS `amount`
FROM `sales_charges` `sc`
JOIN `bookings` `b` ON `b`.`id` = `sc`.`booking_id`
WHERE `b`.`company_id` = \'1\'')
 3 SYSTEMPATH\Database\BaseConnection.php(827): CodeIgniter\Database\BaseConnection->simpleQuery('SELECT SUM(`amount`) AS `amount`
FROM `sales_charges` `sc`
JOIN `bookings` `b` ON `b`.`id` = `sc`.`booking_id`
WHERE `b`.`company_id` = \'1\'')
 4 SYSTEMPATH\Database\BaseBuilder.php(1649): CodeIgniter\Database\BaseConnection->query('SELECT SUM(`amount`) AS `amount`
FROM `sales_charges` `sc`
JOIN `bookings` `b` ON `b`.`id` = `sc`.`booking_id`
WHERE `b`.`company_id` = :b.company_id:', [...], false)
 5 APPPATH\Models\BookingModel.php(58): CodeIgniter\Database\BaseBuilder->get()
 6 APPPATH\Controllers\Logistics.php(58): App\Models\BookingModel->getCompanyStats('1')
 7 SYSTEMPATH\CodeIgniter.php(951): App\Controllers\Logistics->index()
 8 SYSTEMPATH\CodeIgniter.php(497): CodeIgniter\CodeIgniter->runController(Object(App\Controllers\Logistics))
 9 SYSTEMPATH\CodeIgniter.php(340): CodeIgniter\CodeIgniter->handleRequest(null, Object(Config\Cache), false)
10 SYSTEMPATH\Boot.php(417): CodeIgniter\CodeIgniter->run()
11 SYSTEMPATH\Boot.php(68): CodeIgniter\Boot::runCodeIgniter(Object(CodeIgniter\CodeIgniter))
12 FCPATH\index.php(59): CodeIgniter\Boot::bootWeb(Object(Config\Paths))
13 SYSTEMPATH\rewrite.php(44): require_once('D:\\Company Work\\Company projects\\MAlogistic\\public\\index.php')
ERROR - 2026-05-21 08:07:46 --> Unknown column 'amount' in 'field list'
in SYSTEMPATH\Database\MySQLi\Connection.php on line 300.
 1 SYSTEMPATH\Database\MySQLi\Connection.php(300): mysqli->query('SELECT SUM(`amount`) AS `amount`
FROM `sales_charges` `sc`
JOIN `bookings` `b` ON `b`.`id` = `sc`.`booking_id`
WHERE `b`.`company_id` = \'1\'', 0)
 2 SYSTEMPATH\Database\BaseConnection.php(910): CodeIgniter\Database\MySQLi\Connection->execute('SELECT SUM(`amount`) AS `amount`
FROM `sales_charges` `sc`
JOIN `bookings` `b` ON `b`.`id` = `sc`.`booking_id`
WHERE `b`.`company_id` = \'1\'')
 3 SYSTEMPATH\Database\BaseConnection.php(827): CodeIgniter\Database\BaseConnection->simpleQuery('SELECT SUM(`amount`) AS `amount`
FROM `sales_charges` `sc`
JOIN `bookings` `b` ON `b`.`id` = `sc`.`booking_id`
WHERE `b`.`company_id` = \'1\'')
 4 SYSTEMPATH\Database\BaseBuilder.php(1649): CodeIgniter\Database\BaseConnection->query('SELECT SUM(`amount`) AS `amount`
FROM `sales_charges` `sc`
JOIN `bookings` `b` ON `b`.`id` = `sc`.`booking_id`
WHERE `b`.`company_id` = :b.company_id:', [...], false)
 5 APPPATH\Models\BookingModel.php(58): CodeIgniter\Database\BaseBuilder->get()
 6 APPPATH\Controllers\Logistics.php(58): App\Models\BookingModel->getCompanyStats('1')
 7 SYSTEMPATH\CodeIgniter.php(951): App\Controllers\Logistics->index()
 8 SYSTEMPATH\CodeIgniter.php(497): CodeIgniter\CodeIgniter->runController(Object(App\Controllers\Logistics))
 9 SYSTEMPATH\CodeIgniter.php(340): CodeIgniter\CodeIgniter->handleRequest(null, Object(Config\Cache), false)
10 SYSTEMPATH\Boot.php(417): CodeIgniter\CodeIgniter->run()
11 SYSTEMPATH\Boot.php(68): CodeIgniter\Boot::runCodeIgniter(Object(CodeIgniter\CodeIgniter))
12 FCPATH\index.php(59): CodeIgniter\Boot::bootWeb(Object(Config\Paths))
13 SYSTEMPATH\rewrite.php(44): require_once('D:\\Company Work\\Company projects\\MAlogistic\\public\\index.php')
CRITICAL - 2026-05-21 08:07:46 --> CodeIgniter\Database\Exceptions\DatabaseException: Unknown column 'amount' in 'field list'
[Method: GET, Route: logistics]
in SYSTEMPATH\Database\BaseConnection.php on line 865.
 1 SYSTEMPATH\Database\BaseBuilder.php(1649): CodeIgniter\Database\BaseConnection->query('SELECT SUM(`amount`) AS `amount`
FROM `sales_charges` `sc`
JOIN `bookings` `b` ON `b`.`id` = `sc`.`booking_id`
WHERE `b`.`company_id` = :b.company_id:', [...], false)
 2 APPPATH\Models\BookingModel.php(58): CodeIgniter\Database\BaseBuilder->get()
 3 APPPATH\Controllers\Logistics.php(58): App\Models\BookingModel->getCompanyStats('1')
 4 SYSTEMPATH\CodeIgniter.php(951): App\Controllers\Logistics->index()
 5 SYSTEMPATH\CodeIgniter.php(497): CodeIgniter\CodeIgniter->runController(Object(App\Controllers\Logistics))
 6 SYSTEMPATH\CodeIgniter.php(340): CodeIgniter\CodeIgniter->handleRequest(null, Object(Config\Cache), false)
 7 SYSTEMPATH\Boot.php(417): CodeIgniter\CodeIgniter->run()
 8 SYSTEMPATH\Boot.php(68): CodeIgniter\Boot::runCodeIgniter(Object(CodeIgniter\CodeIgniter))
 9 FCPATH\index.php(59): CodeIgniter\Boot::bootWeb(Object(Config\Paths))
10 SYSTEMPATH\rewrite.php(44): require_once('D:\\Company Work\\Company projects\\MAlogistic\\public\\index.php')
CRITICAL - 2026-05-21 08:07:46 --> [Caused by] CodeIgniter\Database\Exceptions\DatabaseException: Unknown column 'amount' in 'field list'
in SYSTEMPATH\Database\MySQLi\Connection.php on line 310.
 1 SYSTEMPATH\Database\BaseConnection.php(910): CodeIgniter\Database\MySQLi\Connection->execute('SELECT SUM(`amount`) AS `amount`
FROM `sales_charges` `sc`
JOIN `bookings` `b` ON `b`.`id` = `sc`.`booking_id`
WHERE `b`.`company_id` = \'1\'')
 2 SYSTEMPATH\Database\BaseConnection.php(827): CodeIgniter\Database\BaseConnection->simpleQuery('SELECT SUM(`amount`) AS `amount`
FROM `sales_charges` `sc`
JOIN `bookings` `b` ON `b`.`id` = `sc`.`booking_id`
WHERE `b`.`company_id` = \'1\'')
 3 SYSTEMPATH\Database\BaseBuilder.php(1649): CodeIgniter\Database\BaseConnection->query('SELECT SUM(`amount`) AS `amount`
FROM `sales_charges` `sc`
JOIN `bookings` `b` ON `b`.`id` = `sc`.`booking_id`
WHERE `b`.`company_id` = :b.company_id:', [...], false)
 4 APPPATH\Models\BookingModel.php(58): CodeIgniter\Database\BaseBuilder->get()
 5 APPPATH\Controllers\Logistics.php(58): App\Models\BookingModel->getCompanyStats('1')
 6 SYSTEMPATH\CodeIgniter.php(951): App\Controllers\Logistics->index()
 7 SYSTEMPATH\CodeIgniter.php(497): CodeIgniter\CodeIgniter->runController(Object(App\Controllers\Logistics))
 8 SYSTEMPATH\CodeIgniter.php(340): CodeIgniter\CodeIgniter->handleRequest(null, Object(Config\Cache), false)
 9 SYSTEMPATH\Boot.php(417): CodeIgniter\CodeIgniter->run()
10 SYSTEMPATH\Boot.php(68): CodeIgniter\Boot::runCodeIgniter(Object(CodeIgniter\CodeIgniter))
11 FCPATH\index.php(59): CodeIgniter\Boot::bootWeb(Object(Config\Paths))
12 SYSTEMPATH\rewrite.php(44): require_once('D:\\Company Work\\Company projects\\MAlogistic\\public\\index.php')
CRITICAL - 2026-05-21 08:07:46 --> [Caused by] mysqli_sql_exception: Unknown column 'amount' in 'field list'
in SYSTEMPATH\Database\MySQLi\Connection.php on line 300.
 1 SYSTEMPATH\Database\MySQLi\Connection.php(300): mysqli->query('SELECT SUM(`amount`) AS `amount`
FROM `sales_charges` `sc`
JOIN `bookings` `b` ON `b`.`id` = `sc`.`booking_id`
WHERE `b`.`company_id` = \'1\'', 0)
 2 SYSTEMPATH\Database\BaseConnection.php(910): CodeIgniter\Database\MySQLi\Connection->execute('SELECT SUM(`amount`) AS `amount`
FROM `sales_charges` `sc`
JOIN `bookings` `b` ON `b`.`id` = `sc`.`booking_id`
WHERE `b`.`company_id` = \'1\'')
 3 SYSTEMPATH\Database\BaseConnection.php(827): CodeIgniter\Database\BaseConnection->simpleQuery('SELECT SUM(`amount`) AS `amount`
FROM `sales_charges` `sc`
JOIN `bookings` `b` ON `b`.`id` = `sc`.`booking_id`
WHERE `b`.`company_id` = \'1\'')
 4 SYSTEMPATH\Database\BaseBuilder.php(1649): CodeIgniter\Database\BaseConnection->query('SELECT SUM(`amount`) AS `amount`
FROM `sales_charges` `sc`
JOIN `bookings` `b` ON `b`.`id` = `sc`.`booking_id`
WHERE `b`.`company_id` = :b.company_id:', [...], false)
 5 APPPATH\Models\BookingModel.php(58): CodeIgniter\Database\BaseBuilder->get()
 6 APPPATH\Controllers\Logistics.php(58): App\Models\BookingModel->getCompanyStats('1')
 7 SYSTEMPATH\CodeIgniter.php(951): App\Controllers\Logistics->index()
 8 SYSTEMPATH\CodeIgniter.php(497): CodeIgniter\CodeIgniter->runController(Object(App\Controllers\Logistics))
 9 SYSTEMPATH\CodeIgniter.php(340): CodeIgniter\CodeIgniter->handleRequest(null, Object(Config\Cache), false)
10 SYSTEMPATH\Boot.php(417): CodeIgniter\CodeIgniter->run()
11 SYSTEMPATH\Boot.php(68): CodeIgniter\Boot::runCodeIgniter(Object(CodeIgniter\CodeIgniter))
12 FCPATH\index.php(59): CodeIgniter\Boot::bootWeb(Object(Config\Paths))
13 SYSTEMPATH\rewrite.php(44): require_once('D:\\Company Work\\Company projects\\MAlogistic\\public\\index.php')
ERROR - 2026-05-21 08:07:50 --> Unknown column 'amount' in 'field list'
in SYSTEMPATH\Database\MySQLi\Connection.php on line 300.
 1 SYSTEMPATH\Database\MySQLi\Connection.php(300): mysqli->query('SELECT SUM(`amount`) AS `amount`
FROM `sales_charges` `sc`
JOIN `bookings` `b` ON `b`.`id` = `sc`.`booking_id`
WHERE `b`.`company_id` = \'1\'', 0)
 2 SYSTEMPATH\Database\BaseConnection.php(910): CodeIgniter\Database\MySQLi\Connection->execute('SELECT SUM(`amount`) AS `amount`
FROM `sales_charges` `sc`
JOIN `bookings` `b` ON `b`.`id` = `sc`.`booking_id`
WHERE `b`.`company_id` = \'1\'')
 3 SYSTEMPATH\Database\BaseConnection.php(827): CodeIgniter\Database\BaseConnection->simpleQuery('SELECT SUM(`amount`) AS `amount`
FROM `sales_charges` `sc`
JOIN `bookings` `b` ON `b`.`id` = `sc`.`booking_id`
WHERE `b`.`company_id` = \'1\'')
 4 SYSTEMPATH\Database\BaseBuilder.php(1649): CodeIgniter\Database\BaseConnection->query('SELECT SUM(`amount`) AS `amount`
FROM `sales_charges` `sc`
JOIN `bookings` `b` ON `b`.`id` = `sc`.`booking_id`
WHERE `b`.`company_id` = :b.company_id:', [...], false)
 5 APPPATH\Models\BookingModel.php(58): CodeIgniter\Database\BaseBuilder->get()
 6 APPPATH\Controllers\Logistics.php(58): App\Models\BookingModel->getCompanyStats('1')
 7 SYSTEMPATH\CodeIgniter.php(951): App\Controllers\Logistics->index()
 8 SYSTEMPATH\CodeIgniter.php(497): CodeIgniter\CodeIgniter->runController(Object(App\Controllers\Logistics))
 9 SYSTEMPATH\CodeIgniter.php(340): CodeIgniter\CodeIgniter->handleRequest(null, Object(Config\Cache), false)
10 SYSTEMPATH\Boot.php(417): CodeIgniter\CodeIgniter->run()
11 SYSTEMPATH\Boot.php(68): CodeIgniter\Boot::runCodeIgniter(Object(CodeIgniter\CodeIgniter))
12 FCPATH\index.php(59): CodeIgniter\Boot::bootWeb(Object(Config\Paths))
13 SYSTEMPATH\rewrite.php(44): require_once('D:\\Company Work\\Company projects\\MAlogistic\\public\\index.php')
CRITICAL - 2026-05-21 08:07:50 --> CodeIgniter\Database\Exceptions\DatabaseException: Unknown column 'amount' in 'field list'
[Method: GET, Route: logistics]
in SYSTEMPATH\Database\BaseConnection.php on line 865.
 1 SYSTEMPATH\Database\BaseBuilder.php(1649): CodeIgniter\Database\BaseConnection->query('SELECT SUM(`amount`) AS `amount`
FROM `sales_charges` `sc`
JOIN `bookings` `b` ON `b`.`id` = `sc`.`booking_id`
WHERE `b`.`company_id` = :b.company_id:', [...], false)
 2 APPPATH\Models\BookingModel.php(58): CodeIgniter\Database\BaseBuilder->get()
 3 APPPATH\Controllers\Logistics.php(58): App\Models\BookingModel->getCompanyStats('1')
 4 SYSTEMPATH\CodeIgniter.php(951): App\Controllers\Logistics->index()
 5 SYSTEMPATH\CodeIgniter.php(497): CodeIgniter\CodeIgniter->runController(Object(App\Controllers\Logistics))
 6 SYSTEMPATH\CodeIgniter.php(340): CodeIgniter\CodeIgniter->handleRequest(null, Object(Config\Cache), false)
 7 SYSTEMPATH\Boot.php(417): CodeIgniter\CodeIgniter->run()
 8 SYSTEMPATH\Boot.php(68): CodeIgniter\Boot::runCodeIgniter(Object(CodeIgniter\CodeIgniter))
 9 FCPATH\index.php(59): CodeIgniter\Boot::bootWeb(Object(Config\Paths))
10 SYSTEMPATH\rewrite.php(44): require_once('D:\\Company Work\\Company projects\\MAlogistic\\public\\index.php')
CRITICAL - 2026-05-21 08:07:50 --> [Caused by] CodeIgniter\Database\Exceptions\DatabaseException: Unknown column 'amount' in 'field list'
in SYSTEMPATH\Database\MySQLi\Connection.php on line 310.
 1 SYSTEMPATH\Database\BaseConnection.php(910): CodeIgniter\Database\MySQLi\Connection->execute('SELECT SUM(`amount`) AS `amount`
FROM `sales_charges` `sc`
JOIN `bookings` `b` ON `b`.`id` = `sc`.`booking_id`
WHERE `b`.`company_id` = \'1\'')
 2 SYSTEMPATH\Database\BaseConnection.php(827): CodeIgniter\Database\BaseConnection->simpleQuery('SELECT SUM(`amount`) AS `amount`
FROM `sales_charges` `sc`
JOIN `bookings` `b` ON `b`.`id` = `sc`.`booking_id`
WHERE `b`.`company_id` = \'1\'')
 3 SYSTEMPATH\Database\BaseBuilder.php(1649): CodeIgniter\Database\BaseConnection->query('SELECT SUM(`amount`) AS `amount`
FROM `sales_charges` `sc`
JOIN `bookings` `b` ON `b`.`id` = `sc`.`booking_id`
WHERE `b`.`company_id` = :b.company_id:', [...], false)
 4 APPPATH\Models\BookingModel.php(58): CodeIgniter\Database\BaseBuilder->get()
 5 APPPATH\Controllers\Logistics.php(58): App\Models\BookingModel->getCompanyStats('1')
 6 SYSTEMPATH\CodeIgniter.php(951): App\Controllers\Logistics->index()
 7 SYSTEMPATH\CodeIgniter.php(497): CodeIgniter\CodeIgniter->runController(Object(App\Controllers\Logistics))
 8 SYSTEMPATH\CodeIgniter.php(340): CodeIgniter\CodeIgniter->handleRequest(null, Object(Config\Cache), false)
 9 SYSTEMPATH\Boot.php(417): CodeIgniter\CodeIgniter->run()
10 SYSTEMPATH\Boot.php(68): CodeIgniter\Boot::runCodeIgniter(Object(CodeIgniter\CodeIgniter))
11 FCPATH\index.php(59): CodeIgniter\Boot::bootWeb(Object(Config\Paths))
12 SYSTEMPATH\rewrite.php(44): require_once('D:\\Company Work\\Company projects\\MAlogistic\\public\\index.php')
CRITICAL - 2026-05-21 08:07:50 --> [Caused by] mysqli_sql_exception: Unknown column 'amount' in 'field list'
in SYSTEMPATH\Database\MySQLi\Connection.php on line 300.
 1 SYSTEMPATH\Database\MySQLi\Connection.php(300): mysqli->query('SELECT SUM(`amount`) AS `amount`
FROM `sales_charges` `sc`
JOIN `bookings` `b` ON `b`.`id` = `sc`.`booking_id`
WHERE `b`.`company_id` = \'1\'', 0)
 2 SYSTEMPATH\Database\BaseConnection.php(910): CodeIgniter\Database\MySQLi\Connection->execute('SELECT SUM(`amount`) AS `amount`
FROM `sales_charges` `sc`
JOIN `bookings` `b` ON `b`.`id` = `sc`.`booking_id`
WHERE `b`.`company_id` = \'1\'')
 3 SYSTEMPATH\Database\BaseConnection.php(827): CodeIgniter\Database\BaseConnection->simpleQuery('SELECT SUM(`amount`) AS `amount`
FROM `sales_charges` `sc`
JOIN `bookings` `b` ON `b`.`id` = `sc`.`booking_id`
WHERE `b`.`company_id` = \'1\'')
 4 SYSTEMPATH\Database\BaseBuilder.php(1649): CodeIgniter\Database\BaseConnection->query('SELECT SUM(`amount`) AS `amount`
FROM `sales_charges` `sc`
JOIN `bookings` `b` ON `b`.`id` = `sc`.`booking_id`
WHERE `b`.`company_id` = :b.company_id:', [...], false)
 5 APPPATH\Models\BookingModel.php(58): CodeIgniter\Database\BaseBuilder->get()
 6 APPPATH\Controllers\Logistics.php(58): App\Models\BookingModel->getCompanyStats('1')
 7 SYSTEMPATH\CodeIgniter.php(951): App\Controllers\Logistics->index()
 8 SYSTEMPATH\CodeIgniter.php(497): CodeIgniter\CodeIgniter->runController(Object(App\Controllers\Logistics))
 9 SYSTEMPATH\CodeIgniter.php(340): CodeIgniter\CodeIgniter->handleRequest(null, Object(Config\Cache), false)
10 SYSTEMPATH\Boot.php(417): CodeIgniter\CodeIgniter->run()
11 SYSTEMPATH\Boot.php(68): CodeIgniter\Boot::runCodeIgniter(Object(CodeIgniter\CodeIgniter))
12 FCPATH\index.php(59): CodeIgniter\Boot::bootWeb(Object(Config\Paths))
13 SYSTEMPATH\rewrite.php(44): require_once('D:\\Company Work\\Company projects\\MAlogistic\\public\\index.php')
ERROR - 2026-05-21 08:55:38 --> Unknown column 'total_amount' in 'field list'
in SYSTEMPATH\Database\MySQLi\Connection.php on line 300.
 1 SYSTEMPATH\Database\MySQLi\Connection.php(300): mysqli->query('SELECT `total_amount`
FROM `sales_charges`
WHERE `booking_id` = \'1\'
 LIMIT 1', 0)
 2 SYSTEMPATH\Database\BaseConnection.php(910): CodeIgniter\Database\MySQLi\Connection->execute('SELECT `total_amount`
FROM `sales_charges`
WHERE `booking_id` = \'1\'
 LIMIT 1')
 3 SYSTEMPATH\Database\BaseConnection.php(827): CodeIgniter\Database\BaseConnection->simpleQuery('SELECT `total_amount`
FROM `sales_charges`
WHERE `booking_id` = \'1\'
 LIMIT 1')
 4 SYSTEMPATH\Database\BaseBuilder.php(1649): CodeIgniter\Database\BaseConnection->query('SELECT `total_amount`
FROM `sales_charges`
WHERE `booking_id` = :booking_id:
 LIMIT 1', [...], false)
 5 SYSTEMPATH\Model.php(295): CodeIgniter\Database\BaseBuilder->get()
 6 SYSTEMPATH\BaseModel.php(714): CodeIgniter\Model->doFirst()
 7 APPPATH\Views\logistics\dashboard.php(218): CodeIgniter\BaseModel->first()
 8 SYSTEMPATH\View\View.php(240): include('D:\\Company Work\\Company projects\\MAlogistic\\app\\Views\\logistics\\dashboard.php')
 9 SYSTEMPATH\View\View.php(243): CodeIgniter\View\View->CodeIgniter\View\{closure}()
10 SYSTEMPATH\Common.php(1250): CodeIgniter\View\View->render('logistics/dashboard', [], true)
11 APPPATH\Controllers\Logistics.php(65): view('logistics/dashboard', [...])
12 SYSTEMPATH\CodeIgniter.php(951): App\Controllers\Logistics->index()
13 SYSTEMPATH\CodeIgniter.php(497): CodeIgniter\CodeIgniter->runController(Object(App\Controllers\Logistics))
14 SYSTEMPATH\CodeIgniter.php(340): CodeIgniter\CodeIgniter->handleRequest(null, Object(Config\Cache), false)
15 SYSTEMPATH\Boot.php(417): CodeIgniter\CodeIgniter->run()
16 SYSTEMPATH\Boot.php(68): CodeIgniter\Boot::runCodeIgniter(Object(CodeIgniter\CodeIgniter))
17 FCPATH\index.php(59): CodeIgniter\Boot::bootWeb(Object(Config\Paths))
18 SYSTEMPATH\rewrite.php(44): require_once('D:\\Company Work\\Company projects\\MAlogistic\\public\\index.php')
CRITICAL - 2026-05-21 08:55:38 --> CodeIgniter\Database\Exceptions\DatabaseException: Unknown column 'total_amount' in 'field list'
[Method: GET, Route: logistics]
in SYSTEMPATH\Database\BaseConnection.php on line 865.
 1 SYSTEMPATH\Database\BaseBuilder.php(1649): CodeIgniter\Database\BaseConnection->query('SELECT `total_amount`
FROM `sales_charges`
WHERE `booking_id` = :booking_id:
 LIMIT 1', [...], false)
 2 SYSTEMPATH\Model.php(295): CodeIgniter\Database\BaseBuilder->get()
 3 SYSTEMPATH\BaseModel.php(714): CodeIgniter\Model->doFirst()
 4 APPPATH\Views\logistics\dashboard.php(218): CodeIgniter\BaseModel->first()
 5 SYSTEMPATH\View\View.php(240): include('D:\\Company Work\\Company projects\\MAlogistic\\app\\Views\\logistics\\dashboard.php')
 6 SYSTEMPATH\View\View.php(243): CodeIgniter\View\View->CodeIgniter\View\{closure}()
 7 SYSTEMPATH\Common.php(1250): CodeIgniter\View\View->render('logistics/dashboard', [], true)
 8 APPPATH\Controllers\Logistics.php(65): view('logistics/dashboard', [...])
 9 SYSTEMPATH\CodeIgniter.php(951): App\Controllers\Logistics->index()
10 SYSTEMPATH\CodeIgniter.php(497): CodeIgniter\CodeIgniter->runController(Object(App\Controllers\Logistics))
11 SYSTEMPATH\CodeIgniter.php(340): CodeIgniter\CodeIgniter->handleRequest(null, Object(Config\Cache), false)
12 SYSTEMPATH\Boot.php(417): CodeIgniter\CodeIgniter->run()
13 SYSTEMPATH\Boot.php(68): CodeIgniter\Boot::runCodeIgniter(Object(CodeIgniter\CodeIgniter))
14 FCPATH\index.php(59): CodeIgniter\Boot::bootWeb(Object(Config\Paths))
15 SYSTEMPATH\rewrite.php(44): require_once('D:\\Company Work\\Company projects\\MAlogistic\\public\\index.php')
CRITICAL - 2026-05-21 08:55:38 --> [Caused by] CodeIgniter\Database\Exceptions\DatabaseException: Unknown column 'total_amount' in 'field list'
in SYSTEMPATH\Database\MySQLi\Connection.php on line 310.
 1 SYSTEMPATH\Database\BaseConnection.php(910): CodeIgniter\Database\MySQLi\Connection->execute('SELECT `total_amount`
FROM `sales_charges`
WHERE `booking_id` = \'1\'
 LIMIT 1')
 2 SYSTEMPATH\Database\BaseConnection.php(827): CodeIgniter\Database\BaseConnection->simpleQuery('SELECT `total_amount`
FROM `sales_charges`
WHERE `booking_id` = \'1\'
 LIMIT 1')
 3 SYSTEMPATH\Database\BaseBuilder.php(1649): CodeIgniter\Database\BaseConnection->query('SELECT `total_amount`
FROM `sales_charges`
WHERE `booking_id` = :booking_id:
 LIMIT 1', [...], false)
 4 SYSTEMPATH\Model.php(295): CodeIgniter\Database\BaseBuilder->get()
 5 SYSTEMPATH\BaseModel.php(714): CodeIgniter\Model->doFirst()
 6 APPPATH\Views\logistics\dashboard.php(218): CodeIgniter\BaseModel->first()
 7 SYSTEMPATH\View\View.php(240): include('D:\\Company Work\\Company projects\\MAlogistic\\app\\Views\\logistics\\dashboard.php')
 8 SYSTEMPATH\View\View.php(243): CodeIgniter\View\View->CodeIgniter\View\{closure}()
 9 SYSTEMPATH\Common.php(1250): CodeIgniter\View\View->render('logistics/dashboard', [], true)
10 APPPATH\Controllers\Logistics.php(65): view('logistics/dashboard', [...])
11 SYSTEMPATH\CodeIgniter.php(951): App\Controllers\Logistics->index()
12 SYSTEMPATH\CodeIgniter.php(497): CodeIgniter\CodeIgniter->runController(Object(App\Controllers\Logistics))
13 SYSTEMPATH\CodeIgniter.php(340): CodeIgniter\CodeIgniter->handleRequest(null, Object(Config\Cache), false)
14 SYSTEMPATH\Boot.php(417): CodeIgniter\CodeIgniter->run()
15 SYSTEMPATH\Boot.php(68): CodeIgniter\Boot::runCodeIgniter(Object(CodeIgniter\CodeIgniter))
16 FCPATH\index.php(59): CodeIgniter\Boot::bootWeb(Object(Config\Paths))
17 SYSTEMPATH\rewrite.php(44): require_once('D:\\Company Work\\Company projects\\MAlogistic\\public\\index.php')
CRITICAL - 2026-05-21 08:55:38 --> [Caused by] mysqli_sql_exception: Unknown column 'total_amount' in 'field list'
in SYSTEMPATH\Database\MySQLi\Connection.php on line 300.
 1 SYSTEMPATH\Database\MySQLi\Connection.php(300): mysqli->query('SELECT `total_amount`
FROM `sales_charges`
WHERE `booking_id` = \'1\'
 LIMIT 1', 0)
 2 SYSTEMPATH\Database\BaseConnection.php(910): CodeIgniter\Database\MySQLi\Connection->execute('SELECT `total_amount`
FROM `sales_charges`
WHERE `booking_id` = \'1\'
 LIMIT 1')
 3 SYSTEMPATH\Database\BaseConnection.php(827): CodeIgniter\Database\BaseConnection->simpleQuery('SELECT `total_amount`
FROM `sales_charges`
WHERE `booking_id` = \'1\'
 LIMIT 1')
 4 SYSTEMPATH\Database\BaseBuilder.php(1649): CodeIgniter\Database\BaseConnection->query('SELECT `total_amount`
FROM `sales_charges`
WHERE `booking_id` = :booking_id:
 LIMIT 1', [...], false)
 5 SYSTEMPATH\Model.php(295): CodeIgniter\Database\BaseBuilder->get()
 6 SYSTEMPATH\BaseModel.php(714): CodeIgniter\Model->doFirst()
 7 APPPATH\Views\logistics\dashboard.php(218): CodeIgniter\BaseModel->first()
 8 SYSTEMPATH\View\View.php(240): include('D:\\Company Work\\Company projects\\MAlogistic\\app\\Views\\logistics\\dashboard.php')
 9 SYSTEMPATH\View\View.php(243): CodeIgniter\View\View->CodeIgniter\View\{closure}()
10 SYSTEMPATH\Common.php(1250): CodeIgniter\View\View->render('logistics/dashboard', [], true)
11 APPPATH\Controllers\Logistics.php(65): view('logistics/dashboard', [...])
12 SYSTEMPATH\CodeIgniter.php(951): App\Controllers\Logistics->index()
13 SYSTEMPATH\CodeIgniter.php(497): CodeIgniter\CodeIgniter->runController(Object(App\Controllers\Logistics))
14 SYSTEMPATH\CodeIgniter.php(340): CodeIgniter\CodeIgniter->handleRequest(null, Object(Config\Cache), false)
15 SYSTEMPATH\Boot.php(417): CodeIgniter\CodeIgniter->run()
16 SYSTEMPATH\Boot.php(68): CodeIgniter\Boot::runCodeIgniter(Object(CodeIgniter\CodeIgniter))
17 FCPATH\index.php(59): CodeIgniter\Boot::bootWeb(Object(Config\Paths))
18 SYSTEMPATH\rewrite.php(44): require_once('D:\\Company Work\\Company projects\\MAlogistic\\public\\index.php')
CRITICAL - 2026-05-21 09:05:56 --> ErrorException: Undefined array key "total_amount"
[Method: GET, Route: logistics/view/1]
in APPPATH\Views\logistics\view_booking.php on line 107.
 1 APPPATH\Views\logistics\view_booking.php(107): CodeIgniter\Debug\Exceptions->errorHandler(2, 'Undefined array key "total_amount"', 'D:\\Company Work\\Company projects\\MAlogistic\\app\\Views\\logistics\\view_booking.php', 107)
 2 SYSTEMPATH\View\View.php(240): include('D:\\Company Work\\Company projects\\MAlogistic\\app\\Views\\logistics\\view_booking.php')
 3 SYSTEMPATH\View\View.php(243): CodeIgniter\View\View->CodeIgniter\View\{closure}()
 4 SYSTEMPATH\Common.php(1250): CodeIgniter\View\View->render('logistics/view_booking', [], true)
 5 APPPATH\Controllers\Logistics.php(239): view('logistics/view_booking', [...])
 6 SYSTEMPATH\CodeIgniter.php(951): App\Controllers\Logistics->view('1')
 7 SYSTEMPATH\CodeIgniter.php(497): CodeIgniter\CodeIgniter->runController(Object(App\Controllers\Logistics))
 8 SYSTEMPATH\CodeIgniter.php(340): CodeIgniter\CodeIgniter->handleRequest(null, Object(Config\Cache), false)
 9 SYSTEMPATH\Boot.php(417): CodeIgniter\CodeIgniter->run()
10 SYSTEMPATH\Boot.php(68): CodeIgniter\Boot::runCodeIgniter(Object(CodeIgniter\CodeIgniter))
11 FCPATH\index.php(59): CodeIgniter\Boot::bootWeb(Object(Config\Paths))
12 SYSTEMPATH\rewrite.php(44): require_once('D:\\Company Work\\Company projects\\MAlogistic\\public\\index.php')
ERROR - 2026-05-21 09:07:57 --> Unknown column 'total_amount' in 'field list'
in SYSTEMPATH\Database\MySQLi\Connection.php on line 300.
 1 SYSTEMPATH\Database\MySQLi\Connection.php(300): mysqli->query('SELECT `total_amount`
FROM `sales_charges`
WHERE `booking_id` = \'1\'
 LIMIT 1', 0)
 2 SYSTEMPATH\Database\BaseConnection.php(910): CodeIgniter\Database\MySQLi\Connection->execute('SELECT `total_amount`
FROM `sales_charges`
WHERE `booking_id` = \'1\'
 LIMIT 1')
 3 SYSTEMPATH\Database\BaseConnection.php(827): CodeIgniter\Database\BaseConnection->simpleQuery('SELECT `total_amount`
FROM `sales_charges`
WHERE `booking_id` = \'1\'
 LIMIT 1')
 4 SYSTEMPATH\Database\BaseBuilder.php(1649): CodeIgniter\Database\BaseConnection->query('SELECT `total_amount`
FROM `sales_charges`
WHERE `booking_id` = :booking_id:
 LIMIT 1', [...], false)
 5 SYSTEMPATH\Model.php(295): CodeIgniter\Database\BaseBuilder->get()
 6 SYSTEMPATH\BaseModel.php(714): CodeIgniter\Model->doFirst()
 7 APPPATH\Views\logistics\manage_bookings.php(57): CodeIgniter\BaseModel->first()
 8 SYSTEMPATH\View\View.php(240): include('D:\\Company Work\\Company projects\\MAlogistic\\app\\Views\\logistics\\manage_bookings.php')
 9 SYSTEMPATH\View\View.php(243): CodeIgniter\View\View->CodeIgniter\View\{closure}()
10 SYSTEMPATH\Common.php(1250): CodeIgniter\View\View->render('logistics/manage_bookings', [], true)
11 APPPATH\Controllers\Logistics.php(540): view('logistics/manage_bookings', [...])
12 SYSTEMPATH\CodeIgniter.php(951): App\Controllers\Logistics->manageBookings()
13 SYSTEMPATH\CodeIgniter.php(497): CodeIgniter\CodeIgniter->runController(Object(App\Controllers\Logistics))
14 SYSTEMPATH\CodeIgniter.php(340): CodeIgniter\CodeIgniter->handleRequest(null, Object(Config\Cache), false)
15 SYSTEMPATH\Boot.php(417): CodeIgniter\CodeIgniter->run()
16 SYSTEMPATH\Boot.php(68): CodeIgniter\Boot::runCodeIgniter(Object(CodeIgniter\CodeIgniter))
17 FCPATH\index.php(59): CodeIgniter\Boot::bootWeb(Object(Config\Paths))
18 SYSTEMPATH\rewrite.php(44): require_once('D:\\Company Work\\Company projects\\MAlogistic\\public\\index.php')
CRITICAL - 2026-05-21 09:07:57 --> CodeIgniter\Database\Exceptions\DatabaseException: Unknown column 'total_amount' in 'field list'
[Method: GET, Route: logistics/manage]
in SYSTEMPATH\Database\BaseConnection.php on line 865.
 1 SYSTEMPATH\Database\BaseBuilder.php(1649): CodeIgniter\Database\BaseConnection->query('SELECT `total_amount`
FROM `sales_charges`
WHERE `booking_id` = :booking_id:
 LIMIT 1', [...], false)
 2 SYSTEMPATH\Model.php(295): CodeIgniter\Database\BaseBuilder->get()
 3 SYSTEMPATH\BaseModel.php(714): CodeIgniter\Model->doFirst()
 4 APPPATH\Views\logistics\manage_bookings.php(57): CodeIgniter\BaseModel->first()
 5 SYSTEMPATH\View\View.php(240): include('D:\\Company Work\\Company projects\\MAlogistic\\app\\Views\\logistics\\manage_bookings.php')
 6 SYSTEMPATH\View\View.php(243): CodeIgniter\View\View->CodeIgniter\View\{closure}()
 7 SYSTEMPATH\Common.php(1250): CodeIgniter\View\View->render('logistics/manage_bookings', [], true)
 8 APPPATH\Controllers\Logistics.php(540): view('logistics/manage_bookings', [...])
 9 SYSTEMPATH\CodeIgniter.php(951): App\Controllers\Logistics->manageBookings()
10 SYSTEMPATH\CodeIgniter.php(497): CodeIgniter\CodeIgniter->runController(Object(App\Controllers\Logistics))
11 SYSTEMPATH\CodeIgniter.php(340): CodeIgniter\CodeIgniter->handleRequest(null, Object(Config\Cache), false)
12 SYSTEMPATH\Boot.php(417): CodeIgniter\CodeIgniter->run()
13 SYSTEMPATH\Boot.php(68): CodeIgniter\Boot::runCodeIgniter(Object(CodeIgniter\CodeIgniter))
14 FCPATH\index.php(59): CodeIgniter\Boot::bootWeb(Object(Config\Paths))
15 SYSTEMPATH\rewrite.php(44): require_once('D:\\Company Work\\Company projects\\MAlogistic\\public\\index.php')
CRITICAL - 2026-05-21 09:07:57 --> [Caused by] CodeIgniter\Database\Exceptions\DatabaseException: Unknown column 'total_amount' in 'field list'
in SYSTEMPATH\Database\MySQLi\Connection.php on line 310.
 1 SYSTEMPATH\Database\BaseConnection.php(910): CodeIgniter\Database\MySQLi\Connection->execute('SELECT `total_amount`
FROM `sales_charges`
WHERE `booking_id` = \'1\'
 LIMIT 1')
 2 SYSTEMPATH\Database\BaseConnection.php(827): CodeIgniter\Database\BaseConnection->simpleQuery('SELECT `total_amount`
FROM `sales_charges`
WHERE `booking_id` = \'1\'
 LIMIT 1')
 3 SYSTEMPATH\Database\BaseBuilder.php(1649): CodeIgniter\Database\BaseConnection->query('SELECT `total_amount`
FROM `sales_charges`
WHERE `booking_id` = :booking_id:
 LIMIT 1', [...], false)
 4 SYSTEMPATH\Model.php(295): CodeIgniter\Database\BaseBuilder->get()
 5 SYSTEMPATH\BaseModel.php(714): CodeIgniter\Model->doFirst()
 6 APPPATH\Views\logistics\manage_bookings.php(57): CodeIgniter\BaseModel->first()
 7 SYSTEMPATH\View\View.php(240): include('D:\\Company Work\\Company projects\\MAlogistic\\app\\Views\\logistics\\manage_bookings.php')
 8 SYSTEMPATH\View\View.php(243): CodeIgniter\View\View->CodeIgniter\View\{closure}()
 9 SYSTEMPATH\Common.php(1250): CodeIgniter\View\View->render('logistics/manage_bookings', [], true)
10 APPPATH\Controllers\Logistics.php(540): view('logistics/manage_bookings', [...])
11 SYSTEMPATH\CodeIgniter.php(951): App\Controllers\Logistics->manageBookings()
12 SYSTEMPATH\CodeIgniter.php(497): CodeIgniter\CodeIgniter->runController(Object(App\Controllers\Logistics))
13 SYSTEMPATH\CodeIgniter.php(340): CodeIgniter\CodeIgniter->handleRequest(null, Object(Config\Cache), false)
14 SYSTEMPATH\Boot.php(417): CodeIgniter\CodeIgniter->run()
15 SYSTEMPATH\Boot.php(68): CodeIgniter\Boot::runCodeIgniter(Object(CodeIgniter\CodeIgniter))
16 FCPATH\index.php(59): CodeIgniter\Boot::bootWeb(Object(Config\Paths))
17 SYSTEMPATH\rewrite.php(44): require_once('D:\\Company Work\\Company projects\\MAlogistic\\public\\index.php')
CRITICAL - 2026-05-21 09:07:57 --> [Caused by] mysqli_sql_exception: Unknown column 'total_amount' in 'field list'
in SYSTEMPATH\Database\MySQLi\Connection.php on line 300.
 1 SYSTEMPATH\Database\MySQLi\Connection.php(300): mysqli->query('SELECT `total_amount`
FROM `sales_charges`
WHERE `booking_id` = \'1\'
 LIMIT 1', 0)
 2 SYSTEMPATH\Database\BaseConnection.php(910): CodeIgniter\Database\MySQLi\Connection->execute('SELECT `total_amount`
FROM `sales_charges`
WHERE `booking_id` = \'1\'
 LIMIT 1')
 3 SYSTEMPATH\Database\BaseConnection.php(827): CodeIgniter\Database\BaseConnection->simpleQuery('SELECT `total_amount`
FROM `sales_charges`
WHERE `booking_id` = \'1\'
 LIMIT 1')
 4 SYSTEMPATH\Database\BaseBuilder.php(1649): CodeIgniter\Database\BaseConnection->query('SELECT `total_amount`
FROM `sales_charges`
WHERE `booking_id` = :booking_id:
 LIMIT 1', [...], false)
 5 SYSTEMPATH\Model.php(295): CodeIgniter\Database\BaseBuilder->get()
 6 SYSTEMPATH\BaseModel.php(714): CodeIgniter\Model->doFirst()
 7 APPPATH\Views\logistics\manage_bookings.php(57): CodeIgniter\BaseModel->first()
 8 SYSTEMPATH\View\View.php(240): include('D:\\Company Work\\Company projects\\MAlogistic\\app\\Views\\logistics\\manage_bookings.php')
 9 SYSTEMPATH\View\View.php(243): CodeIgniter\View\View->CodeIgniter\View\{closure}()
10 SYSTEMPATH\Common.php(1250): CodeIgniter\View\View->render('logistics/manage_bookings', [], true)
11 APPPATH\Controllers\Logistics.php(540): view('logistics/manage_bookings', [...])
12 SYSTEMPATH\CodeIgniter.php(951): App\Controllers\Logistics->manageBookings()
13 SYSTEMPATH\CodeIgniter.php(497): CodeIgniter\CodeIgniter->runController(Object(App\Controllers\Logistics))
14 SYSTEMPATH\CodeIgniter.php(340): CodeIgniter\CodeIgniter->handleRequest(null, Object(Config\Cache), false)
15 SYSTEMPATH\Boot.php(417): CodeIgniter\CodeIgniter->run()
16 SYSTEMPATH\Boot.php(68): CodeIgniter\Boot::runCodeIgniter(Object(CodeIgniter\CodeIgniter))
17 FCPATH\index.php(59): CodeIgniter\Boot::bootWeb(Object(Config\Paths))
18 SYSTEMPATH\rewrite.php(44): require_once('D:\\Company Work\\Company projects\\MAlogistic\\public\\index.php')
